Jan 13 11:21:06 host160 kernel: Initializing cgroup subsys cpuset
Jan 13 11:21:06 host160 kernel: Initializing cgroup subsys cpu
Jan 13 11:21:06 host160 kernel: Initializing cgroup subsys cpuacct
Jan 13 11:21:06 host160 kernel: Linux version 3.10.0-957.21.3.el7.x86_64 (mockbuild@kbuilder.bsys.centos.org) (gcc version 4.8.5 20150623 (Red Hat 4.8.5-36) (GCC) ) #1 SMP Tue Jun 18 16:35:19 UTC 2019
Jan 13 11:21:06 host160 kernel: Command line: BOOT_IMAGE=/boot/vmlinuz-3.10.0-957.21.3.el7.x86_64 root=UUID=4b499d76-769a-40a0-93dc-4a31a59add28 ro crashkernel=auto console=ttyS0 console=tty0 panic=5 net.ifnames=0 biosdevname=0 LANG=en_US.UTF-8
Jan 13 11:21:06 host160 kernel: e820: BIOS-provided physical RAM map:
Jan 13 11:21:06 host160 kernel: BIOS-e820: [mem 0x0000000000000000-0x000000000009fbff] usable
Jan 13 11:21:06 host160 kernel: BIOS-e820: [mem 0x000000000009fc00-0x000000000009ffff] reserved
Jan 13 11:21:06 host160 kernel: BIOS-e820: [mem 0x00000000000f0000-0x00000000000fffff] reserved
Jan 13 11:21:06 host160 kernel: BIOS-e820: [mem 0x0000000000100000-0x000000007fffdfff] usable
Jan 13 11:21:06 host160 kernel: BIOS-e820: [mem 0x000000007fffe000-0x000000007fffffff] reserved
Jan 13 11:21:06 host160 kernel: BIOS-e820: [mem 0x00000000feffc000-0x00000000feffffff] reserved
Jan 13 11:21:06 host160 kernel: BIOS-e820: [mem 0x00000000fffc0000-0x00000000ffffffff] reserved
Jan 13 11:21:06 host160 kernel: NX (Execute Disable) protection: active
Jan 13 11:21:06 host160 kernel: SMBIOS 2.4 present.
Jan 13 11:21:06 host160 kernel: DMI: Bochs Bochs, BIOS Bochs 01/01/2011
Jan 13 11:21:06 host160 kernel: Hypervisor detected: KVM
Jan 13 11:21:06 host160 kernel: e820: last_pfn = 0x7fffe max_arch_pfn = 0x400000000
Jan 13 11:21:06 host160 kernel: PAT configuration [0-7]: WB  WC  UC- UC  UC  UC  UC  UC  
Jan 13 11:21:06 host160 kernel: found SMP MP-table at [mem 0x000fda30-0x000fda3f] mapped at [ffffffffff200a30]
Jan 13 11:21:06 host160 kernel: RAMDISK: [mem 0x35a8a000-0x36d3cfff]
Jan 13 11:21:06 host160 kernel: Early table checksum verification disabled
Jan 13 11:21:06 host160 kernel: ACPI: RSDP 00000000000fd8b0 00014 (v00 BOCHS )
Jan 13 11:21:06 host160 kernel: ACPI: RSDT 000000007fffe470 00034 (v01 BOCHS  BXPCRSDT 00000001 BXPC 00000001)
Jan 13 11:21:06 host160 kernel: ACPI: FACP 000000007fffff80 00074 (v01 BOCHS  BXPCFACP 00000001 BXPC 00000001)
Jan 13 11:21:06 host160 kernel: ACPI: DSDT 000000007fffe4b0 0124A (v01   BXPC   BXDSDT 00000001 INTL 20100528)
Jan 13 11:21:06 host160 kernel: ACPI: FACS 000000007fffff40 00040
Jan 13 11:21:06 host160 kernel: ACPI: SSDT 000000007ffffe90 000AF (v01 BOCHS  BXPCSSDT 00000001 BXPC 00000001)
Jan 13 11:21:06 host160 kernel: ACPI: APIC 000000007ffffd70 00078 (v01 BOCHS  BXPCAPIC 00000001 BXPC 00000001)
Jan 13 11:21:06 host160 kernel: ACPI: SSDT 000000007ffff700 0066E (v01   BXPC BXSSDTPC 00000001 INTL 20100528)
Jan 13 11:21:06 host160 kernel: No NUMA configuration found
Jan 13 11:21:06 host160 kernel: Faking a node at [mem 0x0000000000000000-0x000000007fffdfff]
Jan 13 11:21:06 host160 kernel: NODE_DATA(0) allocated [mem 0x7ffd7000-0x7fffdfff]
Jan 13 11:21:06 host160 kernel: Reserving 161MB of memory at 688MB for crashkernel (System RAM: 2047MB)
Jan 13 11:21:06 host160 kernel: kvm-clock: cpu 0, msr 0:7ff86001, primary cpu clock
Jan 13 11:21:06 host160 kernel: kvm-clock: Using msrs 4b564d01 and 4b564d00Zone ranges:
Jan 13 11:21:06 host160 kernel:  DMA      [mem 0x00001000-0x00ffffff]
Jan 13 11:21:06 host160 kernel:  DMA32    [mem 0x01000000-0xffffffff]
Jan 13 11:21:06 host160 kernel:  Normal   empty
Jan 13 11:21:06 host160 kernel: Movable zone start for each node
Jan 13 11:21:06 host160 kernel: Early memory node ranges
Jan 13 11:21:06 host160 kernel:  node   0: [mem 0x00001000-0x0009efff]
Jan 13 11:21:06 host160 kernel:  node   0: [mem 0x00100000-0x7fffdfff]
Jan 13 11:21:06 host160 kernel: Initmem setup node 0 [mem 0x00001000-0x7fffdfff]
Jan 13 11:21:06 host160 kernel: ACPI: PM-Timer IO Port: 0xb008
Jan 13 11:21:06 host160 kernel: ACPI: LAPIC (acpi_id[0x00] lapic_id[0x00] enabled)
Jan 13 11:21:06 host160 kernel: ACPI: LAPIC_NMI (acpi_id[0xff] dfl dfl lint[0x1])
Jan 13 11:21:06 host160 kernel: ACPI: IOAPIC (id[0x00] address[0xfec00000] gsi_base[0])
Jan 13 11:21:06 host160 kernel: IOAPIC[0]: apic_id 0, version 17, address 0xfec00000, GSI 0-23
Jan 13 11:21:06 host160 kernel: ACPI: INT_SRC_OVR (bus 0 bus_irq 0 global_irq 2 dfl dfl)
Jan 13 11:21:06 host160 kernel: ACPI: INT_SRC_OVR (bus 0 bus_irq 5 global_irq 5 high level)
Jan 13 11:21:06 host160 kernel: ACPI: INT_SRC_OVR (bus 0 bus_irq 9 global_irq 9 high level)
Jan 13 11:21:06 host160 kernel: ACPI: INT_SRC_OVR (bus 0 bus_irq 10 global_irq 10 high level)
Jan 13 11:21:06 host160 kernel: ACPI: INT_SRC_OVR (bus 0 bus_irq 11 global_irq 11 high level)
Jan 13 11:21:06 host160 kernel: Using ACPI (MADT) for SMP configuration information
Jan 13 11:21:06 host160 kernel: smpboot: Allowing 1 CPUs, 0 hotplug CPUs
Jan 13 11:21:06 host160 kernel: PM: Registered nosave memory: [mem 0x0009f000-0x0009ffff]
Jan 13 11:21:06 host160 kernel: PM: Registered nosave memory: [mem 0x000a0000-0x000effff]
Jan 13 11:21:06 host160 kernel: PM: Registered nosave memory: [mem 0x000f0000-0x000fffff]
Jan 13 11:21:06 host160 kernel: e820: [mem 0x80000000-0xfeffbfff] available for PCI devices
Jan 13 11:21:06 host160 kernel: Booting paravirtualized kernel on KVM
Jan 13 11:21:06 host160 kernel: setup_percpu: NR_CPUS:5120 nr_cpumask_bits:1 nr_cpu_ids:1 nr_node_ids:1
Jan 13 11:21:06 host160 kernel: PERCPU: Embedded 38 pages/cpu @ffffa0c03fc00000 s118784 r8192 d28672 u2097152
Jan 13 11:21:06 host160 kernel: Built 1 zonelists in Node order, mobility grouping on.  Total pages: 515975
Jan 13 11:21:06 host160 kernel: Policy zone: DMA32
Jan 13 11:21:06 host160 kernel: Kernel command line: BOOT_IMAGE=/boot/vmlinuz-3.10.0-957.21.3.el7.x86_64 root=UUID=4b499d76-769a-40a0-93dc-4a31a59add28 ro crashkernel=auto console=ttyS0 console=tty0 panic=5 net.ifnames=0 biosdevname=0 LANG=en_US.UTF-8
Jan 13 11:21:06 host160 kernel: PID hash table entries: 4096 (order: 3, 32768 bytes)
Jan 13 11:21:06 host160 kernel: x86/fpu: xstate_offset[2]: 0240, xstate_sizes[2]: 0100
Jan 13 11:21:06 host160 kernel: xsave: enabled xstate_bv 0x7, cntxt size 0x340 using standard form
Jan 13 11:21:06 host160 kernel: Memory: 1860188k/2097144k available (7668k kernel code, 392k absent, 236564k reserved, 6052k data, 1876k init)
Jan 13 11:21:06 host160 kernel: SLUB: HWalign=64, Order=0-3, MinObjects=0, CPUs=1, Nodes=1
Jan 13 11:21:06 host160 kernel: x86/pti: Unmapping kernel while in userspace
Jan 13 11:21:06 host160 kernel: Hierarchical RCU implementation.
Jan 13 11:21:06 host160 kernel: #011RCU restricting CPUs from NR_CPUS=5120 to nr_cpu_ids=1.
Jan 13 11:21:06 host160 kernel: NR_IRQS:327936 nr_irqs:256 0
Jan 13 11:21:06 host160 kernel: Console: colour VGA+ 80x25
Jan 13 11:21:06 host160 kernel: console [tty0] enabled
Jan 13 11:21:06 host160 kernel: console [ttyS0] enabled
Jan 13 11:21:06 host160 kernel: allocated 8388608 bytes of page_cgroup
Jan 13 11:21:06 host160 kernel: please try 'cgroup_disable=memory' option if you don't want memory cgroups
Jan 13 11:21:06 host160 kernel: tsc: Detected 2394.446 MHz processor
Jan 13 11:21:06 host160 kernel: Calibrating delay loop (skipped) preset value.. 4788.89 BogoMIPS (lpj=2394446)
Jan 13 11:21:06 host160 kernel: pid_max: default: 32768 minimum: 301
Jan 13 11:21:06 host160 kernel: Security Framework initialized
Jan 13 11:21:06 host160 kernel: SELinux:  Initializing.
Jan 13 11:21:06 host160 kernel: Yama: becoming mindful.
Jan 13 11:21:06 host160 kernel: Dentry cache hash table entries: 262144 (order: 9, 2097152 bytes)
Jan 13 11:21:06 host160 kernel: Inode-cache hash table entries: 131072 (order: 8, 1048576 bytes)
Jan 13 11:21:06 host160 kernel: Mount-cache hash table entries: 4096 (order: 3, 32768 bytes)
Jan 13 11:21:06 host160 kernel: Mountpoint-cache hash table entries: 4096 (order: 3, 32768 bytes)
Jan 13 11:21:06 host160 kernel: Initializing cgroup subsys memory
Jan 13 11:21:06 host160 kernel: Initializing cgroup subsys devices
Jan 13 11:21:06 host160 kernel: Initializing cgroup subsys freezer
Jan 13 11:21:06 host160 kernel: Initializing cgroup subsys net_cls
Jan 13 11:21:06 host160 kernel: Initializing cgroup subsys blkio
Jan 13 11:21:06 host160 kernel: Initializing cgroup subsys perf_event
Jan 13 11:21:06 host160 kernel: Initializing cgroup subsys hugetlb
Jan 13 11:21:06 host160 kernel: Initializing cgroup subsys pids
Jan 13 11:21:06 host160 kernel: Initializing cgroup subsys net_prio
Jan 13 11:21:06 host160 kernel: mce: CPU supports 10 MCE banks
Jan 13 11:21:06 host160 kernel: Last level iTLB entries: 4KB 0, 2MB 0, 4MB 0
Jan 13 11:21:06 host160 kernel: Last level dTLB entries: 4KB 0, 2MB 0, 4MB 0
Jan 13 11:21:06 host160 kernel: tlb_flushall_shift: 6
Jan 13 11:21:06 host160 kernel: Speculative Store Bypass: Vulnerable
Jan 13 11:21:06 host160 kernel: FEATURE SPEC_CTRL Not Present
Jan 13 11:21:06 host160 kernel: FEATURE IBPB_SUPPORT Not Present
Jan 13 11:21:06 host160 kernel: Spectre V2 : Vulnerable: Retpoline without IBPB
Jan 13 11:21:06 host160 kernel: MDS: Vulnerable: Clear CPU buffers attempted, no microcode
Jan 13 11:21:06 host160 kernel: Freeing SMP alternatives: 28k freed
Jan 13 11:21:06 host160 kernel: ACPI: Core revision 20130517
Jan 13 11:21:06 host160 kernel: ACPI: All ACPI Tables successfully acquired
Jan 13 11:21:06 host160 kernel: ftrace: allocating 29208 entries in 115 pages
Jan 13 11:21:06 host160 kernel: Enabling x2apic
Jan 13 11:21:06 host160 kernel: Enabled x2apic
Jan 13 11:21:06 host160 kernel: Switched APIC routing to physical x2apic.
Jan 13 11:21:06 host160 kernel: ..TIMER: vector=0x30 apic1=0 pin1=2 apic2=-1 pin2=-1
Jan 13 11:21:06 host160 kernel: smpboot: CPU0: Intel(R) Xeon(R) CPU E5-26xx v4 (fam: 06, model: 4f, stepping: 01)
Jan 13 11:21:06 host160 kernel: Performance Events: unsupported p6 CPU model 79 no PMU driver, software events only.
Jan 13 11:21:06 host160 kernel: Brought up 1 CPUs
Jan 13 11:21:06 host160 kernel: smpboot: Max logical packages: 1
Jan 13 11:21:06 host160 kernel: smpboot: Total of 1 processors activated (4788.89 BogoMIPS)
Jan 13 11:21:06 host160 kernel: devtmpfs: initialized
Jan 13 11:21:06 host160 kernel: EVM: security.selinux
Jan 13 11:21:06 host160 kernel: EVM: security.ima
Jan 13 11:21:06 host160 kernel: EVM: security.capability
Jan 13 11:21:06 host160 kernel: atomic64 test passed for x86-64 platform with CX8 and with SSE
Jan 13 11:21:06 host160 kernel: pinctrl core: initialized pinctrl subsystem
Jan 13 11:21:06 host160 kernel: RTC time:  3:21:06, date: 01/13/21
Jan 13 11:21:06 host160 kernel: NET: Registered protocol family 16
Jan 13 11:21:06 host160 kernel: ACPI: bus type PCI registered
Jan 13 11:21:06 host160 kernel: acpiphp: ACPI Hot Plug PCI Controller Driver version: 0.5
Jan 13 11:21:06 host160 kernel: PCI: Using configuration type 1 for base access
Jan 13 11:21:06 host160 kernel: ACPI: Added _OSI(Module Device)
Jan 13 11:21:06 host160 kernel: ACPI: Added _OSI(Processor Device)
Jan 13 11:21:06 host160 kernel: ACPI: Added _OSI(3.0 _SCP Extensions)
Jan 13 11:21:06 host160 kernel: ACPI: Added _OSI(Processor Aggregator Device)
Jan 13 11:21:06 host160 kernel: ACPI: Added _OSI(Linux-Dell-Video)
Jan 13 11:21:06 host160 kernel: ACPI: Interpreter enabled
Jan 13 11:21:06 host160 kernel: ACPI: (supports S0 S3 S4 S5)
Jan 13 11:21:06 host160 kernel: ACPI: Using IOAPIC for interrupt routing
Jan 13 11:21:06 host160 kernel: PCI: Using host bridge windows from ACPI; if necessary, use "pci=nocrs" and report a bug
Jan 13 11:21:06 host160 kernel: ACPI: Enabled 16 GPEs in block 00 to 0F
Jan 13 11:21:06 host160 kernel: ACPI: PCI Root Bridge [PCI0] (domain 0000 [bus 00-ff])
Jan 13 11:21:06 host160 kernel: acpi PNP0A03:00: _OSC: OS supports [ASPM ClockPM Segments MSI]
Jan 13 11:21:06 host160 kernel: acpi PNP0A03:00: _OSC failed (AE_NOT_FOUND); disabling ASPM
Jan 13 11:21:06 host160 kernel: acpi PNP0A03:00: fail to add MMCONFIG information, can't access extended PCI configuration space under this bridge.
Jan 13 11:21:06 host160 kernel: acpiphp: Slot [3] registered
Jan 13 11:21:06 host160 kernel: acpiphp: Slot [4] registered
Jan 13 11:21:06 host160 kernel: acpiphp: Slot [5] registered
Jan 13 11:21:06 host160 kernel: acpiphp: Slot [6] registered
Jan 13 11:21:06 host160 kernel: acpiphp: Slot [7] registered
Jan 13 11:21:06 host160 kernel: acpiphp: Slot [8] registered
Jan 13 11:21:06 host160 kernel: acpiphp: Slot [9] registered
Jan 13 11:21:06 host160 kernel: acpiphp: Slot [10] registered
Jan 13 11:21:06 host160 kernel: acpiphp: Slot [11] registered
Jan 13 11:21:06 host160 kernel: acpiphp: Slot [12] registered
Jan 13 11:21:06 host160 kernel: acpiphp: Slot [13] registered
Jan 13 11:21:06 host160 kernel: acpiphp: Slot [14] registered
Jan 13 11:21:06 host160 kernel: acpiphp: Slot [15] registered
Jan 13 11:21:06 host160 kernel: acpiphp: Slot [16] registered
Jan 13 11:21:06 host160 kernel: acpiphp: Slot [17] registered
Jan 13 11:21:06 host160 kernel: acpiphp: Slot [18] registered
Jan 13 11:21:06 host160 kernel: acpiphp: Slot [19] registered
Jan 13 11:21:06 host160 kernel: acpiphp: Slot [20] registered
Jan 13 11:21:06 host160 kernel: acpiphp: Slot [21] registered
Jan 13 11:21:06 host160 kernel: acpiphp: Slot [22] registered
Jan 13 11:21:06 host160 kernel: acpiphp: Slot [23] registered
Jan 13 11:21:06 host160 kernel: acpiphp: Slot [24] registered
Jan 13 11:21:06 host160 kernel: acpiphp: Slot [25] registered
Jan 13 11:21:06 host160 kernel: acpiphp: Slot [26] registered
Jan 13 11:21:06 host160 kernel: acpiphp: Slot [27] registered
Jan 13 11:21:06 host160 kernel: acpiphp: Slot [28] registered
Jan 13 11:21:06 host160 kernel: acpiphp: Slot [29] registered
Jan 13 11:21:06 host160 kernel: acpiphp: Slot [30] registered
Jan 13 11:21:06 host160 kernel: acpiphp: Slot [31] registered
Jan 13 11:21:06 host160 kernel: PCI host bridge to bus 0000:00
Jan 13 11:21:06 host160 kernel: pci_bus 0000:00: root bus resource [io  0x0000-0x0cf7 window]
Jan 13 11:21:06 host160 kernel: pci_bus 0000:00: root bus resource [io  0x0d00-0xffff window]
Jan 13 11:21:06 host160 kernel: pci_bus 0000:00: root bus resource [mem 0x000a0000-0x000bffff window]
Jan 13 11:21:06 host160 kernel: pci_bus 0000:00: root bus resource [mem 0x80000000-0xfebfffff window]
Jan 13 11:21:06 host160 kernel: pci_bus 0000:00: root bus resource [bus 00-ff]
Jan 13 11:21:06 host160 kernel: pci 0000:00:01.1: legacy IDE quirk: reg 0x10: [io  0x01f0-0x01f7]
Jan 13 11:21:06 host160 kernel: pci 0000:00:01.1: legacy IDE quirk: reg 0x14: [io  0x03f6]
Jan 13 11:21:06 host160 kernel: pci 0000:00:01.1: legacy IDE quirk: reg 0x18: [io  0x0170-0x0177]
Jan 13 11:21:06 host160 kernel: pci 0000:00:01.1: legacy IDE quirk: reg 0x1c: [io  0x0376]
Jan 13 11:21:06 host160 kernel: pci 0000:00:01.3: quirk: [io  0xb000-0xb03f] claimed by PIIX4 ACPI
Jan 13 11:21:06 host160 kernel: pci 0000:00:01.3: quirk: [io  0xb100-0xb10f] claimed by PIIX4 SMB
Jan 13 11:21:06 host160 kernel: ACPI: PCI Interrupt Link [LNKA] (IRQs 5 *10 11)
Jan 13 11:21:06 host160 kernel: ACPI: PCI Interrupt Link [LNKB] (IRQs 5 *10 11)
Jan 13 11:21:06 host160 kernel: ACPI: PCI Interrupt Link [LNKC] (IRQs 5 10 *11)
Jan 13 11:21:06 host160 kernel: ACPI: PCI Interrupt Link [LNKD] (IRQs 5 10 *11)
Jan 13 11:21:06 host160 kernel: ACPI: PCI Interrupt Link [LNKS] (IRQs 9) *0, disabled.
Jan 13 11:21:06 host160 kernel: vgaarb: device added: PCI:0000:00:02.0,decodes=io+mem,owns=io+mem,locks=none
Jan 13 11:21:06 host160 kernel: vgaarb: loaded
Jan 13 11:21:06 host160 kernel: vgaarb: bridge control possible 0000:00:02.0
Jan 13 11:21:06 host160 kernel: SCSI subsystem initialized
Jan 13 11:21:06 host160 kernel: ACPI: bus type USB registered
Jan 13 11:21:06 host160 kernel: usbcore: registered new interface driver usbfs
Jan 13 11:21:06 host160 kernel: usbcore: registered new interface driver hub
Jan 13 11:21:06 host160 kernel: usbcore: registered new device driver usb
Jan 13 11:21:06 host160 kernel: EDAC MC: Ver: 3.0.0
Jan 13 11:21:06 host160 kernel: PCI: Using ACPI for IRQ routing
Jan 13 11:21:06 host160 kernel: NetLabel: Initializing
Jan 13 11:21:06 host160 kernel: NetLabel:  domain hash size = 128
Jan 13 11:21:06 host160 kernel: NetLabel:  protocols = UNLABELED CIPSOv4
Jan 13 11:21:06 host160 kernel: NetLabel:  unlabeled traffic allowed by default
Jan 13 11:21:06 host160 kernel: amd_nb: Cannot enumerate AMD northbridges
Jan 13 11:21:06 host160 kernel: Switched to clocksource kvm-clock
Jan 13 11:21:06 host160 kernel: pnp: PnP ACPI init
Jan 13 11:21:06 host160 kernel: ACPI: bus type PNP registered
Jan 13 11:21:06 host160 kernel: pnp: PnP ACPI: found 5 devices
Jan 13 11:21:06 host160 kernel: ACPI: bus type PNP unregistered
Jan 13 11:21:06 host160 kernel: NET: Registered protocol family 2
Jan 13 11:21:06 host160 kernel: TCP established hash table entries: 16384 (order: 5, 131072 bytes)
Jan 13 11:21:06 host160 kernel: TCP bind hash table entries: 16384 (order: 6, 262144 bytes)
Jan 13 11:21:06 host160 kernel: TCP: Hash tables configured (established 16384 bind 16384)
Jan 13 11:21:06 host160 kernel: TCP: reno registered
Jan 13 11:21:06 host160 kernel: UDP hash table entries: 1024 (order: 3, 32768 bytes)
Jan 13 11:21:06 host160 kernel: UDP-Lite hash table entries: 1024 (order: 3, 32768 bytes)
Jan 13 11:21:06 host160 kernel: NET: Registered protocol family 1
Jan 13 11:21:06 host160 kernel: pci 0000:00:00.0: Limiting direct PCI/PCI transfers
Jan 13 11:21:06 host160 kernel: pci 0000:00:01.0: PIIX3: Enabling Passive Release
Jan 13 11:21:06 host160 kernel: pci 0000:00:01.0: Activating ISA DMA hang workarounds
Jan 13 11:21:06 host160 kernel: ACPI: PCI Interrupt Link [LNKD] enabled at IRQ 11
Jan 13 11:21:06 host160 kernel: Unpacking initramfs...
Jan 13 11:21:06 host160 kernel: Freeing initrd memory: 19148k freed
Jan 13 11:21:06 host160 kernel: sha1_ssse3: Using AVX2 optimized SHA-1 implementation
Jan 13 11:21:06 host160 kernel: sha256_ssse3: Using AVX2 optimized SHA-256 implementation
Jan 13 11:21:06 host160 kernel: futex hash table entries: 256 (order: 2, 16384 bytes)
Jan 13 11:21:06 host160 kernel: Initialise system trusted keyring
Jan 13 11:21:06 host160 kernel: audit: initializing netlink socket (disabled)
Jan 13 11:21:06 host160 kernel: type=2000 audit(1610508067.686:1): initialized
Jan 13 11:21:06 host160 kernel: HugeTLB registered 2 MB page size, pre-allocated 0 pages
Jan 13 11:21:06 host160 kernel: zpool: loaded
Jan 13 11:21:06 host160 kernel: zbud: loaded
Jan 13 11:21:06 host160 kernel: VFS: Disk quotas dquot_6.5.2
Jan 13 11:21:06 host160 kernel: Dquot-cache hash table entries: 512 (order 0, 4096 bytes)
Jan 13 11:21:06 host160 kernel: msgmni has been set to 3670
Jan 13 11:21:06 host160 kernel: Key type big_key registered
Jan 13 11:21:06 host160 kernel: NET: Registered protocol family 38
Jan 13 11:21:06 host160 kernel: Key type asymmetric registered
Jan 13 11:21:06 host160 kernel: Asymmetric key parser 'x509' registered
Jan 13 11:21:06 host160 kernel: Block layer SCSI generic (bsg) driver version 0.4 loaded (major 248)
Jan 13 11:21:06 host160 kernel: io scheduler noop registered
Jan 13 11:21:06 host160 kernel: io scheduler deadline registered (default)
Jan 13 11:21:06 host160 kernel: io scheduler cfq registered
Jan 13 11:21:06 host160 kernel: io scheduler mq-deadline registered
Jan 13 11:21:06 host160 kernel: io scheduler kyber registered
Jan 13 11:21:06 host160 kernel: pci_hotplug: PCI Hot Plug PCI Core version: 0.5
Jan 13 11:21:06 host160 kernel: pciehp: PCI Express Hot Plug Controller Driver version: 0.4
Jan 13 11:21:06 host160 kernel: shpchp: Standard Hot Plug PCI Controller Driver version: 0.4
Jan 13 11:21:06 host160 kernel: input: Power Button as /devices/LNXSYSTM:00/LNXPWRBN:00/input/input0
Jan 13 11:21:06 host160 kernel: ACPI: Power Button [PWRF]
Jan 13 11:21:06 host160 kernel: GHES: HEST is not enabled!
Jan 13 11:21:06 host160 kernel: Serial: 8250/16550 driver, 4 ports, IRQ sharing enabled
Jan 13 11:21:06 host160 kernel: 00:04: ttyS0 at I/O 0x3f8 (irq = 4) is a 16550A
Jan 13 11:21:06 host160 kernel: Non-volatile memory driver v1.3
Jan 13 11:21:06 host160 kernel: Linux agpgart interface v0.103
Jan 13 11:21:06 host160 kernel: crash memory driver: version 1.1
Jan 13 11:21:06 host160 kernel: rdac: device handler registered
Jan 13 11:21:06 host160 kernel: hp_sw: device handler registered
Jan 13 11:21:06 host160 kernel: emc: device handler registered
Jan 13 11:21:06 host160 kernel: alua: device handler registered
Jan 13 11:21:06 host160 kernel: libphy: Fixed MDIO Bus: probed
Jan 13 11:21:06 host160 kernel: ehci_hcd: USB 2.0 'Enhanced' Host Controller (EHCI) Driver
Jan 13 11:21:06 host160 kernel: ehci-pci: EHCI PCI platform driver
Jan 13 11:21:06 host160 kernel: ohci_hcd: USB 1.1 'Open' Host Controller (OHCI) Driver
Jan 13 11:21:06 host160 kernel: ohci-pci: OHCI PCI platform driver
Jan 13 11:21:06 host160 kernel: uhci_hcd: USB Universal Host Controller Interface driver
Jan 13 11:21:06 host160 kernel: uhci_hcd 0000:00:01.2: UHCI Host Controller
Jan 13 11:21:06 host160 kernel: uhci_hcd 0000:00:01.2: new USB bus registered, assigned bus number 1
Jan 13 11:21:06 host160 kernel: uhci_hcd 0000:00:01.2: detected 2 ports
Jan 13 11:21:06 host160 kernel: uhci_hcd 0000:00:01.2: irq 11, io base 0x0000c040
Jan 13 11:21:06 host160 kernel: usb usb1: New USB device found, idVendor=1d6b, idProduct=0001
Jan 13 11:21:06 host160 kernel: usb usb1: New USB device strings: Mfr=3, Product=2, SerialNumber=1
Jan 13 11:21:06 host160 kernel: usb usb1: Product: UHCI Host Controller
Jan 13 11:21:06 host160 kernel: usb usb1: Manufacturer: Linux 3.10.0-957.21.3.el7.x86_64 uhci_hcd
Jan 13 11:21:06 host160 kernel: usb usb1: SerialNumber: 0000:00:01.2
Jan 13 11:21:06 host160 kernel: hub 1-0:1.0: USB hub found
Jan 13 11:21:06 host160 kernel: hub 1-0:1.0: 2 ports detected
Jan 13 11:21:06 host160 kernel: usbcore: registered new interface driver usbserial_generic
Jan 13 11:21:06 host160 kernel: usbserial: USB Serial support registered for generic
Jan 13 11:21:06 host160 kernel: i8042: PNP: PS/2 Controller [PNP0303:KBD,PNP0f13:MOU] at 0x60,0x64 irq 1,12
Jan 13 11:21:06 host160 kernel: serio: i8042 KBD port at 0x60,0x64 irq 1
Jan 13 11:21:06 host160 kernel: serio: i8042 AUX port at 0x60,0x64 irq 12
Jan 13 11:21:06 host160 kernel: mousedev: PS/2 mouse device common for all mice
Jan 13 11:21:06 host160 kernel: input: AT Translated Set 2 keyboard as /devices/platform/i8042/serio0/input/input1
Jan 13 11:21:06 host160 kernel: rtc_cmos 00:00: RTC can wake from S4
Jan 13 11:21:06 host160 kernel: input: VirtualPS/2 VMware VMMouse as /devices/platform/i8042/serio1/input/input2
Jan 13 11:21:06 host160 kernel: rtc_cmos 00:00: rtc core: registered rtc_cmos as rtc0
Jan 13 11:21:06 host160 kernel: rtc_cmos 00:00: alarms up to one day, 114 bytes nvram
Jan 13 11:21:06 host160 kernel: input: VirtualPS/2 VMware VMMouse as /devices/platform/i8042/serio1/input/input3
Jan 13 11:21:06 host160 kernel: cpuidle: using governor menu
Jan 13 11:21:06 host160 kernel: hidraw: raw HID events driver (C) Jiri Kosina
Jan 13 11:21:06 host160 kernel: usbcore: registered new interface driver usbhid
Jan 13 11:21:06 host160 kernel: usbhid: USB HID core driver
Jan 13 11:21:06 host160 kernel: drop_monitor: Initializing network drop monitor service
Jan 13 11:21:06 host160 kernel: TCP: cubic registered
Jan 13 11:21:06 host160 kernel: Initializing XFRM netlink socket
Jan 13 11:21:06 host160 kernel: NET: Registered protocol family 10
Jan 13 11:21:06 host160 kernel: NET: Registered protocol family 17
Jan 13 11:21:06 host160 kernel: mpls_gso: MPLS GSO support
Jan 13 11:21:06 host160 kernel: Loading compiled-in X.509 certificates
Jan 13 11:21:06 host160 kernel: Loaded X.509 cert 'CentOS Linux kpatch signing key: ea0413152cde1d98ebdca3fe6f0230904c9ef717'
Jan 13 11:21:06 host160 kernel: Loaded X.509 cert 'CentOS Linux Driver update signing key: 7f421ee0ab69461574bb358861dbe77762a4201b'
Jan 13 11:21:06 host160 kernel: Loaded X.509 cert 'CentOS Linux kernel signing key: 1e5f1d87704bf338012fa2b0fe16945997b33127'
Jan 13 11:21:06 host160 kernel: registered taskstats version 1
Jan 13 11:21:06 host160 kernel: Key type trusted registered
Jan 13 11:21:06 host160 kernel: Key type encrypted registered
Jan 13 11:21:06 host160 kernel: IMA: No TPM chip found, activating TPM-bypass! (rc=-19)
Jan 13 11:21:06 host160 kernel:  Magic number: 5:84:361
Jan 13 11:21:06 host160 kernel: msr msr0: hash matches
Jan 13 11:21:06 host160 kernel: rtc_cmos 00:00: setting system clock to 2021-01-13 03:21:06 UTC (1610508066)
Jan 13 11:21:06 host160 kernel: Freeing unused kernel memory: 1876k freed
Jan 13 11:21:06 host160 kernel: Write protecting the kernel read-only data: 12288k
Jan 13 11:21:06 host160 kernel: Freeing unused kernel memory: 512k freed
Jan 13 11:21:06 host160 kernel: Freeing unused kernel memory: 600k freed
Jan 13 11:21:06 host160 kernel: random: systemd: uninitialized urandom read (16 bytes read)
Jan 13 11:21:06 host160 kernel: random: systemd: uninitialized urandom read (16 bytes read)
Jan 13 11:21:06 host160 kernel: random: systemd: uninitialized urandom read (16 bytes read)
Jan 13 11:21:06 host160 systemd[1]: systemd 219 running in system mode. (+PAM +AUDIT +SELINUX +IMA -APPARMOR +SMACK +SYSVINIT +UTMP +LIBCRYPTSETUP +GCRYPT +GNUTLS +ACL +XZ +LZ4 -SECCOMP +BLKID +ELFUTILS +KMOD +IDN)
Jan 13 11:21:06 host160 systemd[1]: Detected virtualization kvm.
Jan 13 11:21:06 host160 systemd[1]: Detected architecture x86-64.
Jan 13 11:21:06 host160 systemd[1]: Running in initial RAM disk.
Jan 13 11:21:06 host160 systemd[1]: Set hostname to <VM_69_145_centos>.
Jan 13 11:21:06 host160 kernel: random: systemd: uninitialized urandom read (16 bytes read)
Jan 13 11:21:06 host160 kernel: random: systemd: uninitialized urandom read (16 bytes read)
Jan 13 11:21:06 host160 kernel: random: systemd: uninitialized urandom read (16 bytes read)
Jan 13 11:21:06 host160 kernel: random: systemd: uninitialized urandom read (16 bytes read)
Jan 13 11:21:06 host160 kernel: random: systemd: uninitialized urandom read (16 bytes read)
Jan 13 11:21:06 host160 kernel: random: systemd: uninitialized urandom read (16 bytes read)
Jan 13 11:21:06 host160 kernel: random: systemd: uninitialized urandom read (16 bytes read)
Jan 13 11:21:06 host160 systemd[1]: [/run/systemd/generator/dev-disk-by\x2duuid-4b499d76\x2d769a\x2d40a0\x2d93dc\x2d4a31a59add28.device.d/timeout.conf:3] Unknown lvalue 'JobRunningTimeoutSec' in section 'Unit'
Jan 13 11:21:06 host160 systemd[1]: Reached target Timers.
Jan 13 11:21:06 host160 systemd[1]: Created slice Root Slice.
Jan 13 11:21:06 host160 systemd[1]: Created slice System Slice.
Jan 13 11:21:06 host160 systemd[1]: Listening on udev Control Socket.
Jan 13 11:21:06 host160 systemd[1]: Reached target Swap.
Jan 13 11:21:06 host160 systemd[1]: Reached target Local File Systems.
Jan 13 11:21:06 host160 systemd[1]: Reached target Slices.
Jan 13 11:21:06 host160 systemd[1]: Listening on udev Kernel Socket.
Jan 13 11:21:06 host160 systemd[1]: Listening on Journal Socket.
Jan 13 11:21:06 host160 systemd[1]: Starting Setup Virtual Console...
Jan 13 11:21:06 host160 systemd[1]: Starting Journal Service...
Jan 13 11:21:06 host160 systemd[1]: Starting Create list of required static device nodes for the current kernel...
Jan 13 11:21:06 host160 systemd[1]: Starting dracut cmdline hook...
Jan 13 11:21:06 host160 systemd[1]: Starting Apply Kernel Variables...
Jan 13 11:21:06 host160 journal: Journal started
Jan 13 11:21:06 host160 systemd[1]: Started Journal Service.
Jan 13 11:21:06 host160 systemd: Started Create list of required static device nodes for the current kernel.
Jan 13 11:21:06 host160 systemd: Started Apply Kernel Variables.
Jan 13 11:21:06 host160 systemd: Starting Create Static Device Nodes in /dev...
Jan 13 11:21:06 host160 systemd: Started Create Static Device Nodes in /dev.
Jan 13 11:21:06 host160 systemd: Started Setup Virtual Console.
Jan 13 11:21:06 host160 systemd: Started dracut cmdline hook.
Jan 13 11:21:06 host160 systemd: Starting dracut pre-udev hook...
Jan 13 11:21:06 host160 systemd: Starting Open-iSCSI...
Jan 13 11:21:06 host160 iscsid: iSCSI logger with pid=187 started!
Jan 13 11:21:06 host160 systemd: Failed to read PID from file /var/run/iscsid.pid: Invalid argument
Jan 13 11:21:06 host160 iscsid: iSCSI daemon with pid=188 started!
Jan 13 11:21:06 host160 kernel: Loading iSCSI transport class v2.0-870.
Jan 13 11:21:06 host160 systemd: Started Open-iSCSI.
Jan 13 11:21:06 host160 systemd: Started dracut pre-udev hook.
Jan 13 11:21:06 host160 systemd: Starting udev Kernel Device Manager...
Jan 13 11:21:06 host160 systemd-udevd: starting version 219
Jan 13 11:21:06 host160 systemd-udevd: Network interface NamePolicy= disabled on kernel command line, ignoring.
Jan 13 11:21:06 host160 systemd: Started udev Kernel Device Manager.
Jan 13 11:21:06 host160 systemd: Starting udev Coldplug all Devices...
Jan 13 11:21:07 host160 systemd: Started udev Coldplug all Devices.
Jan 13 11:21:07 host160 systemd: Reached target System Initialization.
Jan 13 11:21:07 host160 systemd: Listening on Open-iSCSI iscsiuio Socket.
Jan 13 11:21:07 host160 systemd: Reached target Sockets.
Jan 13 11:21:07 host160 systemd: Starting dracut initqueue hook...
Jan 13 11:21:07 host160 systemd: Starting Show Plymouth Boot Screen...
Jan 13 11:21:07 host160 systemd: Received SIGRTMIN+20 from PID 358 (plymouthd).
Jan 13 11:21:07 host160 systemd: Started Show Plymouth Boot Screen.
Jan 13 11:21:07 host160 systemd: Reached target Paths.
Jan 13 11:21:07 host160 systemd: Started Forward Password Requests to Plymouth Directory Watch.
Jan 13 11:21:07 host160 systemd: Reached target Basic System.
Jan 13 11:21:07 host160 systemd: Mounting Configuration File System...
Jan 13 11:21:07 host160 systemd: Mounted Configuration File System.
Jan 13 11:21:07 host160 kernel: tsc: Refined TSC clocksource calibration: 2394.446 MHz
Jan 13 11:21:07 host160 kernel: ACPI: PCI Interrupt Link [LNKC] enabled at IRQ 10
Jan 13 11:21:07 host160 kernel: virtio-pci 0000:00:03.0: virtio_pci: leaving for legacy driver
Jan 13 11:21:07 host160 kernel: virtio-pci 0000:00:04.0: virtio_pci: leaving for legacy driver
Jan 13 11:21:07 host160 kernel: ACPI: PCI Interrupt Link [LNKA] enabled at IRQ 10
Jan 13 11:21:07 host160 kernel: FDC 0 is a S82078B
Jan 13 11:21:07 host160 kernel: virtio-pci 0000:00:05.0: virtio_pci: leaving for legacy driver
Jan 13 11:21:07 host160 kernel: scsi host0: ata_piix
Jan 13 11:21:07 host160 kernel: scsi host1: ata_piix
Jan 13 11:21:07 host160 kernel: ata1: PATA max MWDMA2 cmd 0x1f0 ctl 0x3f6 bmdma 0xc0a0 irq 14
Jan 13 11:21:07 host160 kernel: ata2: PATA max MWDMA2 cmd 0x170 ctl 0x376 bmdma 0xc0a8 irq 15
Jan 13 11:21:07 host160 kernel: ata1.01: ATAPI: QEMU DVD-ROM, 1.2.0, max UDMA/100
Jan 13 11:21:07 host160 kernel: ata1.01: configured for MWDMA2
Jan 13 11:21:07 host160 kernel: scsi 0:0:1:0: CD-ROM            QEMU     QEMU DVD-ROM     1.2. PQ: 0 ANSI: 5
Jan 13 11:21:07 host160 kernel: [TTM] Zone  kernel: Available graphics memory: 941176 kiB
Jan 13 11:21:07 host160 kernel: [TTM] Initializing pool allocator
Jan 13 11:21:07 host160 kernel: [TTM] Initializing DMA pool allocator
Jan 13 11:21:07 host160 kernel: [drm] fb mappable at 0xFC000000
Jan 13 11:21:07 host160 kernel: [drm] vram aper at 0xFC000000
Jan 13 11:21:07 host160 kernel: [drm] size 33554432
Jan 13 11:21:07 host160 kernel: [drm] fb depth is 24
Jan 13 11:21:07 host160 kernel: [drm]    pitch is 3072
Jan 13 11:21:07 host160 kernel: fbcon: cirrusdrmfb (fb0) is primary device
Jan 13 11:21:07 host160 kernel: Console: switching to colour frame buffer device 128x48
Jan 13 11:21:07 host160 kernel: cirrus 0000:00:02.0: fb0: cirrusdrmfb frame buffer device
Jan 13 11:21:08 host160 kernel: virtio_blk virtio1: [vda] 104857600 512-byte logical blocks (53.6 GB/50.0 GiB)
Jan 13 11:21:08 host160 kernel: [drm] Initialized cirrus 1.0.0 20110418 for 0000:00:02.0 on minor 0
Jan 13 11:21:08 host160 kernel: vda: vda1
Jan 13 11:21:08 host160 kernel: sr 0:0:1:0: [sr0] scsi3-mmc drive: 4x/4x cd/rw xa/form2 tray
Jan 13 11:21:08 host160 kernel: cdrom: Uniform CD-ROM driver Revision: 3.20
Jan 13 11:21:08 host160 iscsid: can't open InitiatorName configuration file /etc/iscsi/initiatorname.iscsi
Jan 13 11:21:08 host160 iscsid: Warning: InitiatorName file /etc/iscsi/initiatorname.iscsi does not exist or does not contain a properly formatted InitiatorName. If using software iscsi (iscsi_tcp or ib_iser) or partial offload (bnx2i or cxgbi iscsi), you may not be able to log into or
Jan 13 11:21:08 host160 iscsid: can't open InitiatorAlias configuration file /etc/iscsi/initiatorname.iscsi
Jan 13 11:21:08 host160 iscsid: can't open iscsid.safe_logout configuration file /etc/iscsi/iscsid.conf
Jan 13 11:21:08 host160 systemd: Found device /dev/disk/by-uuid/4b499d76-769a-40a0-93dc-4a31a59add28.
Jan 13 11:21:08 host160 systemd: Starting File System Check on /dev/disk/by-uuid/4b499d76-769a-40a0-93dc-4a31a59add28...
Jan 13 11:21:08 host160 systemd-fsck: /dev/vda1: recovering journal
Jan 13 11:21:08 host160 systemd: Started dracut initqueue hook.
Jan 13 11:21:08 host160 systemd: Reached target Remote File Systems (Pre).
Jan 13 11:21:08 host160 systemd: Reached target Remote File Systems.
Jan 13 11:21:08 host160 kernel: random: fast init done
Jan 13 11:21:09 host160 systemd-fsck: /dev/vda1: Clearing orphaned inode 426793 (uid=0, gid=0, mode=040711, size=4096)
Jan 13 11:21:09 host160 systemd-fsck: /dev/vda1: Clearing orphaned inode 426804 (uid=0, gid=0, mode=010700, size=0)
Jan 13 11:21:09 host160 systemd-fsck: /dev/vda1: Clearing orphaned inode 426799 (uid=0, gid=0, mode=010700, size=0)
Jan 13 11:21:09 host160 systemd-fsck: /dev/vda1: Clearing orphaned inode 426375 (uid=0, gid=0, mode=040711, size=4096)
Jan 13 11:21:09 host160 systemd-fsck: /dev/vda1: Clearing orphaned inode 425642 (uid=0, gid=0, mode=010700, size=0)
Jan 13 11:21:09 host160 systemd-fsck: /dev/vda1: Clearing orphaned inode 426473 (uid=0, gid=0, mode=040711, size=4096)
Jan 13 11:21:09 host160 systemd-fsck: /dev/vda1: Clearing orphaned inode 425812 (uid=0, gid=0, mode=010700, size=0)
Jan 13 11:21:09 host160 systemd-fsck: /dev/vda1: Clearing orphaned inode 426631 (uid=0, gid=0, mode=040711, size=4096)
Jan 13 11:21:09 host160 systemd-fsck: /dev/vda1: Clearing orphaned inode 426649 (uid=0, gid=0, mode=010700, size=0)
Jan 13 11:21:09 host160 systemd-fsck: /dev/vda1: Clearing orphaned inode 426634 (uid=0, gid=0, mode=010700, size=0)
Jan 13 11:21:09 host160 systemd-fsck: /dev/vda1: Clearing orphaned inode 426371 (uid=0, gid=0, mode=040711, size=4096)
Jan 13 11:21:09 host160 systemd-fsck: /dev/vda1: Clearing orphaned inode 425568 (uid=0, gid=0, mode=010700, size=0)
Jan 13 11:21:09 host160 systemd-fsck: /dev/vda1: Clearing orphaned inode 424914 (uid=0, gid=0, mode=010700, size=0)
Jan 13 11:21:09 host160 systemd-fsck: /dev/vda1: Clearing orphaned inode 426830 (uid=0, gid=0, mode=040711, size=4096)
Jan 13 11:21:09 host160 systemd-fsck: /dev/vda1: Clearing orphaned inode 426835 (uid=0, gid=0, mode=010700, size=0)
Jan 13 11:21:09 host160 systemd-fsck: /dev/vda1: Clearing orphaned inode 426205 (uid=0, gid=0, mode=040711, size=4096)
Jan 13 11:21:09 host160 systemd-fsck: /dev/vda1: Clearing orphaned inode 424845 (uid=0, gid=0, mode=010700, size=0)
Jan 13 11:21:09 host160 systemd-fsck: /dev/vda1: Clearing orphaned inode 424177 (uid=0, gid=0, mode=010700, size=0)
Jan 13 11:21:09 host160 systemd-fsck: /dev/vda1: Clearing orphaned inode 426823 (uid=0, gid=0, mode=040711, size=4096)
Jan 13 11:21:09 host160 systemd-fsck: /dev/vda1: Clearing orphaned inode 426826 (uid=0, gid=0, mode=010700, size=0)
Jan 13 11:21:09 host160 systemd-fsck: /dev/vda1: Clearing orphaned inode 425618 (uid=0, gid=0, mode=010700, size=0)
Jan 13 11:21:09 host160 systemd-fsck: /dev/vda1: Clearing orphaned inode 426825 (uid=0, gid=0, mode=010700, size=0)
Jan 13 11:21:09 host160 systemd-fsck: /dev/vda1: Clearing orphaned inode 426832 (uid=0, gid=0, mode=010700, size=0)
Jan 13 11:21:09 host160 systemd-fsck: /dev/vda1: Clearing orphaned inode 425810 (uid=0, gid=0, mode=010700, size=0)
Jan 13 11:21:09 host160 systemd-fsck: /dev/vda1: Clearing orphaned inode 426848 (uid=0, gid=0, mode=040711, size=4096)
Jan 13 11:21:09 host160 systemd-fsck: /dev/vda1: Clearing orphaned inode 426850 (uid=0, gid=0, mode=010700, size=0)
Jan 13 11:21:09 host160 systemd-fsck: /dev/vda1: Clearing orphaned inode 426849 (uid=0, gid=0, mode=010700, size=0)
Jan 13 11:21:09 host160 systemd-fsck: /dev/vda1: Clearing orphaned inode 426900 (uid=0, gid=0, mode=040711, size=4096)
Jan 13 11:21:09 host160 systemd-fsck: /dev/vda1: Clearing orphaned inode 426907 (uid=0, gid=0, mode=010700, size=0)
Jan 13 11:21:09 host160 systemd-fsck: /dev/vda1: Clearing orphaned inode 426905 (uid=0, gid=0, mode=010700, size=0)
Jan 13 11:21:09 host160 systemd-fsck: /dev/vda1: Clearing orphaned inode 426816 (uid=0, gid=0, mode=040711, size=4096)
Jan 13 11:21:09 host160 systemd-fsck: /dev/vda1: Clearing orphaned inode 426822 (uid=0, gid=0, mode=010700, size=0)
Jan 13 11:21:09 host160 systemd-fsck: /dev/vda1: Clearing orphaned inode 426818 (uid=0, gid=0, mode=010700, size=0)
Jan 13 11:21:09 host160 systemd-fsck: /dev/vda1: Clearing orphaned inode 426794 (uid=0, gid=0, mode=040711, size=4096)
Jan 13 11:21:09 host160 systemd-fsck: /dev/vda1: Clearing orphaned inode 426809 (uid=0, gid=0, mode=010700, size=0)
Jan 13 11:21:09 host160 systemd-fsck: /dev/vda1: Clearing orphaned inode 426806 (uid=0, gid=0, mode=010700, size=0)
Jan 13 11:21:09 host160 systemd-fsck: /dev/vda1: Clearing orphaned inode 426827 (uid=0, gid=0, mode=040711, size=4096)
Jan 13 11:21:09 host160 systemd-fsck: /dev/vda1: Clearing orphaned inode 426829 (uid=0, gid=0, mode=010700, size=0)
Jan 13 11:21:09 host160 systemd-fsck: /dev/vda1: Clearing orphaned inode 426828 (uid=0, gid=0, mode=010700, size=0)
Jan 13 11:21:09 host160 systemd-fsck: /dev/vda1: Clearing orphaned inode 426374 (uid=0, gid=0, mode=040711, size=4096)
Jan 13 11:21:09 host160 systemd-fsck: /dev/vda1: Clearing orphaned inode 425637 (uid=0, gid=0, mode=010700, size=0)
Jan 13 11:21:09 host160 systemd-fsck: /dev/vda1: Clearing orphaned inode 425634 (uid=0, gid=0, mode=010700, size=0)
Jan 13 11:21:09 host160 systemd-fsck: /dev/vda1: Clearing orphaned inode 426373 (uid=0, gid=0, mode=040711, size=4096)
Jan 13 11:21:09 host160 systemd-fsck: /dev/vda1: Clearing orphaned inode 425628 (uid=0, gid=0, mode=010700, size=0)
Jan 13 11:21:09 host160 systemd-fsck: /dev/vda1: Clearing orphaned inode 425615 (uid=0, gid=0, mode=010700, size=0)
Jan 13 11:21:09 host160 systemd-fsck: /dev/vda1: clean, 885393/3276800 files, 10045977/13106939 blocks
Jan 13 11:21:09 host160 systemd: Started File System Check on /dev/disk/by-uuid/4b499d76-769a-40a0-93dc-4a31a59add28.
Jan 13 11:21:09 host160 systemd: Mounting /sysroot...
Jan 13 11:21:09 host160 kernel: EXT4-fs (vda1): mounted filesystem with ordered data mode. Opts: (null)
Jan 13 11:21:09 host160 systemd: Mounted /sysroot.
Jan 13 11:21:09 host160 systemd: Reached target Initrd Root File System.
Jan 13 11:21:09 host160 systemd: Starting Reload Configuration from the Real Root...
Jan 13 11:21:09 host160 systemd: Reloading.
Jan 13 11:21:09 host160 systemd: [/run/systemd/generator/dev-disk-by\x2duuid-4b499d76\x2d769a\x2d40a0\x2d93dc\x2d4a31a59add28.device.d/timeout.conf:3] Unknown lvalue 'JobRunningTimeoutSec' in section 'Unit'
Jan 13 11:21:09 host160 systemd: Started Reload Configuration from the Real Root.
Jan 13 11:21:09 host160 systemd: Reached target Initrd File Systems.
Jan 13 11:21:09 host160 systemd: Reached target Initrd Default Target.
Jan 13 11:21:09 host160 systemd: Starting dracut pre-pivot and cleanup hook...
Jan 13 11:21:09 host160 systemd: Started dracut pre-pivot and cleanup hook.
Jan 13 11:21:09 host160 systemd: Starting Cleaning Up and Shutting Down Daemons...
Jan 13 11:21:09 host160 systemd: Starting Plymouth switch root service...
Jan 13 11:21:09 host160 systemd: Stopped target Timers.
Jan 13 11:21:09 host160 systemd: Stopped Cleaning Up and Shutting Down Daemons.
Jan 13 11:21:09 host160 systemd: Stopped dracut pre-pivot and cleanup hook.
Jan 13 11:21:09 host160 systemd: Stopped target Remote File Systems.
Jan 13 11:21:09 host160 systemd: Stopped target Remote File Systems (Pre).
Jan 13 11:21:09 host160 systemd: Stopped dracut initqueue hook.
Jan 13 11:21:09 host160 systemd: Stopping Open-iSCSI...
Jan 13 11:21:09 host160 systemd: Stopped target Initrd Default Target.
Jan 13 11:21:09 host160 systemd: Stopped target Basic System.
Jan 13 11:21:09 host160 systemd: Stopped target Paths.
Jan 13 11:21:09 host160 systemd: Stopped target Sockets.
Jan 13 11:21:09 host160 systemd: Closed Open-iSCSI iscsiuio Socket.
Jan 13 11:21:09 host160 systemd: Stopped target Slices.
Jan 13 11:21:09 host160 systemd: Stopped target System Initialization.
Jan 13 11:21:09 host160 systemd: Stopped target Local File Systems.
Jan 13 11:21:09 host160 systemd: Stopping udev Kernel Device Manager...
Jan 13 11:21:09 host160 systemd: Stopped target Swap.
Jan 13 11:21:09 host160 systemd: Stopped udev Coldplug all Devices.
Jan 13 11:21:09 host160 systemd: Stopped Apply Kernel Variables.
Jan 13 11:21:09 host160 systemd: Stopped udev Kernel Device Manager.
Jan 13 11:21:09 host160 systemd: Stopped Create Static Device Nodes in /dev.
Jan 13 11:21:09 host160 iscsid: iscsid shutting down.
Jan 13 11:21:09 host160 systemd: Stopped Create list of required static device nodes for the current kernel.
Jan 13 11:21:09 host160 systemd: Stopped dracut pre-udev hook.
Jan 13 11:21:09 host160 systemd: Closed udev Kernel Socket.
Jan 13 11:21:09 host160 systemd: Closed udev Control Socket.
Jan 13 11:21:09 host160 systemd: Starting Cleanup udevd DB...
Jan 13 11:21:09 host160 systemd: Stopped Open-iSCSI.
Jan 13 11:21:09 host160 systemd: Stopped dracut cmdline hook.
Jan 13 11:21:09 host160 systemd: Started Cleanup udevd DB.
Jan 13 11:21:09 host160 systemd: Reached target Switch Root.
Jan 13 11:21:09 host160 systemd: Started Plymouth switch root service.
Jan 13 11:21:09 host160 systemd: Starting Switch Root...
Jan 13 11:21:09 host160 systemd: Switching root.
Jan 13 11:21:09 host160 journal: Journal stopped
Jan 13 11:21:10 host160 journal: Runtime journal is using 8.0M (max allowed 91.9M, trying to leave 137.8M free of 911.0M available → current limit 91.9M).
Jan 13 11:21:10 host160 systemd-journald[89]: Received SIGTERM from PID 1 (systemd).
Jan 13 11:21:10 host160 kernel: SELinux:  Disabled at runtime.
Jan 13 11:21:10 host160 kernel: type=1404 audit(1610508070.084:2): selinux=0 auid=4294967295 ses=4294967295
Jan 13 11:21:10 host160 kernel: ip_tables: (C) 2000-2006 Netfilter Core Team
Jan 13 11:21:10 host160 systemd[1]: Inserted module 'ip_tables'
Jan 13 11:21:10 host160 kernel: EXT4-fs (vda1): re-mounted. Opts: acl,user_xattr
Jan 13 11:21:10 host160 journal: Journal started
Jan 13 11:21:10 host160 systemd: systemd 219 running in system mode. (+PAM +AUDIT +SELINUX +IMA -APPARMOR +SMACK +SYSVINIT +UTMP +LIBCRYPTSETUP +GCRYPT +GNUTLS +ACL +XZ +LZ4 -SECCOMP +BLKID +ELFUTILS +KMOD +IDN)
Jan 13 11:21:10 host160 systemd: Detected virtualization kvm.
Jan 13 11:21:10 host160 systemd: Detected architecture x86-64.
Jan 13 11:21:10 host160 systemd: Set hostname to <host160>.
Jan 13 11:21:10 host160 systemd: Configuration file /usr/lib/systemd/system/kubelet.service is marked world-inaccessible. This has no effect as configuration data is accessible via APIs without restrictions. Proceeding anyway.
Jan 13 11:21:10 host160 systemd: Configuration file /etc/systemd/system/kubelet.service.d/10-kubeadm.conf is marked world-inaccessible. This has no effect as configuration data is accessible via APIs without restrictions. Proceeding anyway.
Jan 13 11:21:10 host160 systemd: Configuration file /usr/lib/systemd/system/cloudstack-management.service is marked executable. Please remove executable permission bits. Proceeding anyway.
Jan 13 11:21:10 host160 systemd: Configuration file /usr/lib/systemd/system/cloud-init.target is marked executable. Please remove executable permission bits. Proceeding anyway.
Jan 13 11:21:10 host160 systemd: Configuration file /usr/lib/systemd/system/cloud-init.target is marked world-writable. Please remove world writability permission bits. Proceeding anyway.
Jan 13 11:21:10 host160 systemd: Configuration file /usr/lib/systemd/system/cloud-config.target is marked executable. Please remove executable permission bits. Proceeding anyway.
Jan 13 11:21:10 host160 systemd: Configuration file /usr/lib/systemd/system/cloud-config.target is marked world-writable. Please remove world writability permission bits. Proceeding anyway.
Jan 13 11:21:10 host160 systemd: Started Apply Kernel Variables.
Jan 13 11:21:10 host160 systemd: Starting Flush Journal to Persistent Storage...
Jan 13 11:21:10 host160 systemd: Started udev Coldplug all Devices.
Jan 13 11:21:10 host160 swapon: swapon: /swap: insecure permissions 0644, 0600 suggested.
Jan 13 11:21:10 host160 systemd: Started LVM2 metadata daemon.
Jan 13 11:21:10 host160 systemd: Started Flush Journal to Persistent Storage.
Jan 13 11:21:10 host160 systemd: Started Configure read-only root support.
Jan 13 11:21:10 host160 systemd: Starting Load/Save Random Seed...
Jan 13 11:21:10 host160 systemd: Started Load/Save Random Seed.
Jan 13 11:21:10 host160 systemd: Activated swap /swap.
Jan 13 11:21:10 host160 systemd: Reached target Swap.
Jan 13 11:21:10 host160 kernel: Adding 1048572k swap on /swap.  Priority:-2 extents:36 across:3891196k FS
Jan 13 11:21:10 host160 systemd: Started Create Static Device Nodes in /dev.
Jan 13 11:21:10 host160 systemd: Starting udev Kernel Device Manager...
Jan 13 11:21:10 host160 systemd-udevd: starting version 219
Jan 13 11:21:10 host160 systemd-udevd: Network interface NamePolicy= disabled on kernel command line, ignoring.
Jan 13 11:21:10 host160 systemd: Started udev Kernel Device Manager.
Jan 13 11:21:11 host160 kernel: piix4_smbus 0000:00:01.3: SMBus Host Controller at 0xb100, revision 0
Jan 13 11:21:11 host160 kernel: sr 0:0:1:0: Attached scsi generic sg0 type 5
Jan 13 11:21:11 host160 kernel: random: crng init done
Jan 13 11:21:11 host160 kernel: input: PC Speaker as /devices/platform/pcspkr/input/input4
Jan 13 11:21:11 host160 systemd: Found device /dev/ttyS0.
Jan 13 11:21:11 host160 kernel: cryptd: max_cpu_qlen set to 1000
Jan 13 11:21:11 host160 kernel: AVX2 version of gcm_enc/dec engaged.
Jan 13 11:21:11 host160 kernel: AES CTR mode by8 optimization enabled
Jan 13 11:21:11 host160 kernel: alg: No test for __gcm-aes-aesni (__driver-gcm-aes-aesni)
Jan 13 11:21:11 host160 kernel: alg: No test for __generic-gcm-aes-aesni (__driver-generic-gcm-aes-aesni)
Jan 13 11:21:11 host160 systemd: Started Monitoring of LVM2 mirrors, snapshots etc. using dmeventd or progress polling.
Jan 13 11:21:11 host160 systemd: Reached target Local File Systems (Pre).
Jan 13 11:21:11 host160 systemd: Reached target Local File Systems.
Jan 13 11:21:11 host160 systemd: Starting Import network configuration from initramfs...
Jan 13 11:21:11 host160 systemd: Starting Preprocess NFS configuration...
Jan 13 11:21:11 host160 systemd: Starting Tell Plymouth To Write Out Runtime Data...
Jan 13 11:21:11 host160 systemd: Started Preprocess NFS configuration.
Jan 13 11:21:11 host160 systemd: Started Import network configuration from initramfs.
Jan 13 11:21:11 host160 systemd: Starting Create Volatile Files and Directories...
Jan 13 11:21:11 host160 systemd: Started Tell Plymouth To Write Out Runtime Data.
Jan 13 11:21:11 host160 systemd: Started Create Volatile Files and Directories.
Jan 13 11:21:11 host160 systemd: Mounting RPC Pipe File System...
Jan 13 11:21:11 host160 systemd: Starting Security Auditing Service...
Jan 13 11:21:12 host160 kernel: RPC: Registered named UNIX socket transport module.
Jan 13 11:21:12 host160 kernel: RPC: Registered udp transport module.
Jan 13 11:21:12 host160 kernel: RPC: Registered tcp transport module.
Jan 13 11:21:12 host160 kernel: RPC: Registered tcp NFSv4.1 backchannel transport module.
Jan 13 11:21:12 host160 systemd: Mounted RPC Pipe File System.
Jan 13 11:21:12 host160 systemd: Reached target rpc_pipefs.target.
Jan 13 11:21:12 host160 auditd[2377]: Started dispatcher: /sbin/audispd pid: 2379
Jan 13 11:21:12 host160 kernel: type=1305 audit(1610508072.029:3): audit_pid=2377 old=0 auid=4294967295 ses=4294967295 res=1
Jan 13 11:21:12 host160 audispd: No plugins found, exiting
Jan 13 11:21:12 host160 kernel: EDAC sbridge:  Ver: 1.1.2 
Jan 13 11:21:12 host160 kernel: ppdev: user-space parallel port driver
Jan 13 11:21:12 host160 auditd[2377]: Init complete, auditd 2.8.5 listening for events (startup state enable)
Jan 13 11:21:12 host160 augenrules: /sbin/augenrules: No change
Jan 13 11:21:12 host160 augenrules: No rules
Jan 13 11:21:12 host160 augenrules: enabled 1
Jan 13 11:21:12 host160 augenrules: failure 1
Jan 13 11:21:12 host160 augenrules: pid 2377
Jan 13 11:21:12 host160 augenrules: rate_limit 0
Jan 13 11:21:12 host160 augenrules: backlog_limit 8192
Jan 13 11:21:12 host160 augenrules: lost 0
Jan 13 11:21:12 host160 augenrules: backlog 0
Jan 13 11:21:12 host160 augenrules: enabled 1
Jan 13 11:21:12 host160 augenrules: failure 1
Jan 13 11:21:12 host160 augenrules: pid 2377
Jan 13 11:21:12 host160 augenrules: rate_limit 0
Jan 13 11:21:12 host160 augenrules: backlog_limit 8192
Jan 13 11:21:12 host160 augenrules: lost 0
Jan 13 11:21:12 host160 augenrules: backlog 0
Jan 13 11:21:12 host160 systemd: Started Security Auditing Service.
Jan 13 11:21:12 host160 systemd: Starting Update UTMP about System Boot/Shutdown...
Jan 13 11:21:12 host160 systemd: Started Update UTMP about System Boot/Shutdown.
Jan 13 11:21:12 host160 systemd: Reached target System Initialization.
Jan 13 11:21:12 host160 systemd: Listening on Open-iSCSI iscsid Socket.
Jan 13 11:21:12 host160 systemd: Listening on D-Bus System Message Bus Socket.
Jan 13 11:21:12 host160 systemd: Started Daily Cleanup of Temporary Directories.
Jan 13 11:21:12 host160 systemd: Reached target Timers.
Jan 13 11:21:12 host160 systemd: Starting Docker Socket for the API.
Jan 13 11:21:12 host160 systemd: Listening on Open-iSCSI iscsiuio Socket.
Jan 13 11:21:12 host160 systemd: Listening on RPCbind Server Activation Socket.
Jan 13 11:21:12 host160 systemd: Starting RPC bind service...
Jan 13 11:21:12 host160 systemd: Listening on Docker Socket for the API.
Jan 13 11:21:12 host160 systemd: Reached target Sockets.
Jan 13 11:21:12 host160 systemd: Reached target Basic System.
Jan 13 11:21:12 host160 systemd: Starting Resets System Activity Logs...
Jan 13 11:21:12 host160 systemd: Starting Login Service...
Jan 13 11:21:12 host160 systemd: Starting Initial cloud-init job (pre-networking)...
Jan 13 11:21:12 host160 systemd: Started libstoragemgmt plug-in server daemon.
Jan 13 11:21:12 host160 systemd: Starting Authorization Manager...
Jan 13 11:21:12 host160 systemd: Starting VDO volume services...
Jan 13 11:21:12 host160 systemd: Started kubelet: The Kubernetes Node Agent.
Jan 13 11:21:12 host160 systemd: Started YDService.
Jan 13 11:21:12 host160 systemd: Starting Dump dmesg to /var/log/dmesg...
Jan 13 11:21:12 host160 systemd: Starting ACPI Event Daemon...
Jan 13 11:21:12 host160 systemd: Started irqbalance daemon.
Jan 13 11:21:12 host160 systemd: Started D-Bus System Message Bus.
Jan 13 11:21:12 host160 acpid: starting up with netlink and the input layer
Jan 13 11:21:12 host160 acpid: skipping incomplete file /etc/acpi/events/videoconf
Jan 13 11:21:12 host160 acpid: 1 rule loaded
Jan 13 11:21:12 host160 acpid: waiting for events: event logging is off
Jan 13 11:21:12 host160 /usr/sbin/irqbalance: Balancing is ineffective on systems with a single cpu.  Shutting down
Jan 13 11:21:12 host160 polkitd[2558]: Started polkitd version 0.112
Jan 13 11:21:12 host160 systemd: Starting GSSAPI Proxy Daemon...
Jan 13 11:21:12 host160 systemd: Starting Network Time Service...
Jan 13 11:21:12 host160 systemd: Started RPC bind service.
Jan 13 11:21:12 host160 systemd: Started Resets System Activity Logs.
Jan 13 11:21:12 host160 systemd: Started Dump dmesg to /var/log/dmesg.
Jan 13 11:21:12 host160 systemd: Started ACPI Event Daemon.
Jan 13 11:21:12 host160 systemd: Started Login Service.
Jan 13 11:21:12 host160 systemd-logind: New seat seat0.
Jan 13 11:21:12 host160 systemd-logind: Watching system buttons on /dev/input/event0 (Power Button)
Jan 13 11:21:12 host160 ntpd[2598]: ntpd 4.2.6p5@1.2349-o Tue Jun 23 15:38:18 UTC 2020 (1)
Jan 13 11:21:12 host160 systemd: Started Network Time Service.
Jan 13 11:21:12 host160 ntpd[2615]: proto: precision = 0.496 usec
Jan 13 11:21:12 host160 ntpd[2615]: 0.0.0.0 c01d 0d kern kernel time sync enabled
Jan 13 11:21:12 host160 ntpd[2615]: line 18 column 1 syntax error, unexpected T_String, expecting $end
Jan 13 11:21:12 host160 ntpd[2615]: syntax error in /etc/ntp.conf line 18, column 1
Jan 13 11:21:12 host160 systemd: Started Authorization Manager.
Jan 13 11:21:12 host160 ntpd[2615]: getaddrinfo: "ntp1.aliyun.com" invalid host address, ignored
Jan 13 11:21:12 host160 ntpd[2615]: restrict: error in address 'ntp1.aliyun.com' on line 55. Ignoring...
Jan 13 11:21:12 host160 ntpd[2615]: Listen normally on 0 lo 127.0.0.1 UDP 123
Jan 13 11:21:12 host160 ntpd[2615]: Listening on routing socket on fd #17 for interface updates
Jan 13 11:21:12 host160 ntpd[2615]: Deferring DNS for ntp1.aliyun.com 1
Jan 13 11:21:12 host160 ntpd[2615]: Deferring DNS for ntp2.aliyun.com 1
Jan 13 11:21:12 host160 ntpd[2615]: 0.0.0.0 c016 06 restart
Jan 13 11:21:12 host160 ntpd[2615]: 0.0.0.0 c012 02 freq_set kernel 0.026 PPM
Jan 13 11:21:12 host160 systemd: Started GSSAPI Proxy Daemon.
Jan 13 11:21:12 host160 systemd: Reached target NFS client services.
Jan 13 11:21:13 host160 systemd: Started VDO volume services.
Jan 13 11:21:13 host160 cloud-init: Cloud-init v. 17.1 running 'init-local' at Wed, 13 Jan 2021 03:21:13 +0000. Up 7.65 seconds.
Jan 13 11:21:13 host160 kubelet: Flag --authorization-mode has been deprecated, This parameter should be set via the config file specified by the Kubelet's --config flag. See https://kubernetes.io/docs/tasks/administer-cluster/kubelet-config-file/ for more information.
Jan 13 11:21:13 host160 kubelet: Flag --cgroup-driver has been deprecated, This parameter should be set via the config file specified by the Kubelet's --config flag. See https://kubernetes.io/docs/tasks/administer-cluster/kubelet-config-file/ for more information.
Jan 13 11:21:13 host160 kubelet: Flag --client-ca-file has been deprecated, This parameter should be set via the config file specified by the Kubelet's --config flag. See https://kubernetes.io/docs/tasks/administer-cluster/kubelet-config-file/ for more information.
Jan 13 11:21:13 host160 kubelet: Flag --cluster-dns has been deprecated, This parameter should be set via the config file specified by the Kubelet's --config flag. See https://kubernetes.io/docs/tasks/administer-cluster/kubelet-config-file/ for more information.
Jan 13 11:21:13 host160 kubelet: Flag --cluster-domain has been deprecated, This parameter should be set via the config file specified by the Kubelet's --config flag. See https://kubernetes.io/docs/tasks/administer-cluster/kubelet-config-file/ for more information.
Jan 13 11:21:13 host160 kubelet: Flag --fail-swap-on has been deprecated, This parameter should be set via the config file specified by the Kubelet's --config flag. See https://kubernetes.io/docs/tasks/administer-cluster/kubelet-config-file/ for more information.
Jan 13 11:21:13 host160 kubelet: Flag --pod-manifest-path has been deprecated, This parameter should be set via the config file specified by the Kubelet's --config flag. See https://kubernetes.io/docs/tasks/administer-cluster/kubelet-config-file/ for more information.
Jan 13 11:21:13 host160 systemd: Started Kubernetes systemd probe.
Jan 13 11:21:13 host160 kubelet: I0113 11:21:13.557087    2560 server.go:425] Version: v1.15.0
Jan 13 11:21:13 host160 kubelet: I0113 11:21:13.560075    2560 plugins.go:103] No cloud provider specified.
Jan 13 11:21:13 host160 kernel: loop: module loaded
Jan 13 11:21:14 host160 systemd: Started Initial cloud-init job (pre-networking).
Jan 13 11:21:14 host160 systemd: Reached target Network (Pre).
Jan 13 11:21:14 host160 systemd: Starting LSB: Bring up/down networking...
Jan 13 11:21:14 host160 ntpd_intres[2622]: host name not found: ntp1.aliyun.com
Jan 13 11:21:14 host160 ntpd_intres[2622]: host name not found: ntp2.aliyun.com
Jan 13 11:21:14 host160 network: Bringing up loopback interface:  [  OK  ]
Jan 13 11:21:18 host160 network: Bringing up interface eth0:  RTNETLINK answers: Permission denied
Jan 13 11:21:18 host160 network: [  OK  ]
Jan 13 11:21:18 host160 systemd: Started LSB: Bring up/down networking.
Jan 13 11:21:18 host160 systemd: Reached target Network.
Jan 13 11:21:18 host160 systemd: Starting /etc/rc.d/rc.local Compatibility...
Jan 13 11:21:18 host160 systemd: Starting containerd container runtime...
Jan 13 11:21:18 host160 systemd: Starting Sendmail Mail Transport Agent...
Jan 13 11:21:18 host160 systemd: Starting Logout off all iSCSI sessions on shutdown...
Jan 13 11:21:18 host160 systemd: Starting Dynamic System Tuning Daemon...
Jan 13 11:21:18 host160 systemd: Started CloudStack Management Server.
Jan 13 11:21:18 host160 systemd: Starting Initial cloud-init job (metadata service crawler)...
Jan 13 11:21:18 host160 systemd: Started Logout off all iSCSI sessions on shutdown.
Jan 13 11:21:18 host160 systemd: Reached target Remote File Systems (Pre).
Jan 13 11:21:18 host160 systemd: Reached target Remote File Systems.
Jan 13 11:21:18 host160 systemd: Started containerd container runtime.
Jan 13 11:21:19 host160 server: Java virtual machine used: /usr/lib/jvm/jre/bin/java
Jan 13 11:21:19 host160 server: classpath used: /etc/cloudstack/management:/usr/share/cloudstack-common:/usr/share/cloudstack-management/setup:/usr/share/java/mysql-connector-java.jar:/usr/share/cloudstack-management/bin/bootstrap.jar:/usr/share/cloudstack-management/bin/tomcat-juli.jar:/usr/share/java/commons-daemon.jar
Jan 13 11:21:19 host160 server: main class used: org.apache.catalina.startup.Bootstrap
Jan 13 11:21:19 host160 server: flags used: -Djava.awt.headless=true -Dcom.sun.management.jmxremote=false -Xmx2g -XX:+HeapDumpOnOutOfMemoryError -XX:HeapDumpPath=/var/log/cloudstack/management/ -XX:PermSize=512M -XX:MaxPermSize=800m
Jan 13 11:21:19 host160 server: options used: -Dcatalina.base=/usr/share/cloudstack-management -Dcatalina.home=/usr/share/cloudstack-management -Djava.endorsed.dirs= -Djava.io.tmpdir=/usr/share/cloudstack-management/temp -Djava.util.logging.config.file=/usr/share/cloudstack-management/conf/logging.properties -Djava.util.logging.manager=org.apache.juli.ClassLoaderLogManager
Jan 13 11:21:19 host160 server: arguments used: start
Jan 13 11:21:19 host160 server: OpenJDK 64-Bit Server VM warning: ignoring option PermSize=512M; support was removed in 8.0
Jan 13 11:21:19 host160 server: OpenJDK 64-Bit Server VM warning: ignoring option MaxPermSize=800m; support was removed in 8.0
Jan 13 11:21:19 host160 systemd: Started /etc/rc.d/rc.local Compatibility.
Jan 13 11:21:19 host160 containerd: time="2021-01-13T11:21:19.294973572+08:00" level=info msg="starting containerd" revision=7ad184331fa3e55e52b890ea95e65ba581ae3429 version=1.2.13
Jan 13 11:21:19 host160 containerd: time="2021-01-13T11:21:19.295275854+08:00" level=info msg="loading plugin "io.containerd.content.v1.content"..." type=io.containerd.content.v1
Jan 13 11:21:19 host160 containerd: time="2021-01-13T11:21:19.295938758+08:00" level=info msg="loading plugin "io.containerd.snapshotter.v1.btrfs"..." type=io.containerd.snapshotter.v1
Jan 13 11:21:19 host160 containerd: time="2021-01-13T11:21:19.296300069+08:00" level=warning msg="failed to load plugin io.containerd.snapshotter.v1.btrfs" error="path /var/lib/containerd/io.containerd.snapshotter.v1.btrfs must be a btrfs filesystem to be used with the btrfs snapshotter"
Jan 13 11:21:19 host160 containerd: time="2021-01-13T11:21:19.296316778+08:00" level=info msg="loading plugin "io.containerd.snapshotter.v1.aufs"..." type=io.containerd.snapshotter.v1
Jan 13 11:21:19 host160 containerd: time="2021-01-13T11:21:19.297995586+08:00" level=warning msg="failed to load plugin io.containerd.snapshotter.v1.aufs" error="modprobe aufs failed: "modprobe: FATAL: Module aufs not found.\n": exit status 1"
Jan 13 11:21:19 host160 containerd: time="2021-01-13T11:21:19.298240764+08:00" level=info msg="loading plugin "io.containerd.snapshotter.v1.native"..." type=io.containerd.snapshotter.v1
Jan 13 11:21:19 host160 containerd: time="2021-01-13T11:21:19.298822237+08:00" level=info msg="loading plugin "io.containerd.snapshotter.v1.overlayfs"..." type=io.containerd.snapshotter.v1
Jan 13 11:21:19 host160 containerd: time="2021-01-13T11:21:19.299498038+08:00" level=info msg="loading plugin "io.containerd.snapshotter.v1.zfs"..." type=io.containerd.snapshotter.v1
Jan 13 11:21:19 host160 containerd: time="2021-01-13T11:21:19.299680605+08:00" level=info msg="skip loading plugin "io.containerd.snapshotter.v1.zfs"..." type=io.containerd.snapshotter.v1
Jan 13 11:21:19 host160 containerd: time="2021-01-13T11:21:19.299693066+08:00" level=info msg="loading plugin "io.containerd.metadata.v1.bolt"..." type=io.containerd.metadata.v1
Jan 13 11:21:19 host160 containerd: time="2021-01-13T11:21:19.299710629+08:00" level=warning msg="could not use snapshotter zfs in metadata plugin" error="path /var/lib/containerd/io.containerd.snapshotter.v1.zfs must be a zfs filesystem to be used with the zfs snapshotter: skip plugin"
Jan 13 11:21:19 host160 containerd: time="2021-01-13T11:21:19.299718441+08:00" level=warning msg="could not use snapshotter btrfs in metadata plugin" error="path /var/lib/containerd/io.containerd.snapshotter.v1.btrfs must be a btrfs filesystem to be used with the btrfs snapshotter"
Jan 13 11:21:19 host160 containerd: time="2021-01-13T11:21:19.299724836+08:00" level=warning msg="could not use snapshotter aufs in metadata plugin" error="modprobe aufs failed: "modprobe: FATAL: Module aufs not found.\n": exit status 1"
Jan 13 11:21:19 host160 containerd: time="2021-01-13T11:21:19.305763474+08:00" level=info msg="loading plugin "io.containerd.differ.v1.walking"..." type=io.containerd.differ.v1
Jan 13 11:21:19 host160 containerd: time="2021-01-13T11:21:19.305789633+08:00" level=info msg="loading plugin "io.containerd.gc.v1.scheduler"..." type=io.containerd.gc.v1
Jan 13 11:21:19 host160 containerd: time="2021-01-13T11:21:19.305825257+08:00" level=info msg="loading plugin "io.containerd.service.v1.containers-service"..." type=io.containerd.service.v1
Jan 13 11:21:19 host160 containerd: time="2021-01-13T11:21:19.305840342+08:00" level=info msg="loading plugin "io.containerd.service.v1.content-service"..." type=io.containerd.service.v1
Jan 13 11:21:19 host160 containerd: time="2021-01-13T11:21:19.305851278+08:00" level=info msg="loading plugin "io.containerd.service.v1.diff-service"..." type=io.containerd.service.v1
Jan 13 11:21:19 host160 containerd: time="2021-01-13T11:21:19.305863308+08:00" level=info msg="loading plugin "io.containerd.service.v1.images-service"..." type=io.containerd.service.v1
Jan 13 11:21:19 host160 containerd: time="2021-01-13T11:21:19.305874859+08:00" level=info msg="loading plugin "io.containerd.service.v1.leases-service"..." type=io.containerd.service.v1
Jan 13 11:21:19 host160 containerd: time="2021-01-13T11:21:19.305887114+08:00" level=info msg="loading plugin "io.containerd.service.v1.namespaces-service"..." type=io.containerd.service.v1
Jan 13 11:21:19 host160 containerd: time="2021-01-13T11:21:19.305898242+08:00" level=info msg="loading plugin "io.containerd.service.v1.snapshots-service"..." type=io.containerd.service.v1
Jan 13 11:21:19 host160 containerd: time="2021-01-13T11:21:19.305914985+08:00" level=info msg="loading plugin "io.containerd.runtime.v1.linux"..." type=io.containerd.runtime.v1
Jan 13 11:21:19 host160 containerd: time="2021-01-13T11:21:19.305970413+08:00" level=info msg="loading plugin "io.containerd.runtime.v2.task"..." type=io.containerd.runtime.v2
Jan 13 11:21:19 host160 containerd: time="2021-01-13T11:21:19.307038446+08:00" level=info msg="loading plugin "io.containerd.monitor.v1.cgroups"..." type=io.containerd.monitor.v1
Jan 13 11:21:19 host160 containerd: time="2021-01-13T11:21:19.307367882+08:00" level=info msg="loading plugin "io.containerd.service.v1.tasks-service"..." type=io.containerd.service.v1
Jan 13 11:21:19 host160 containerd: time="2021-01-13T11:21:19.307392615+08:00" level=info msg="loading plugin "io.containerd.internal.v1.restart"..." type=io.containerd.internal.v1
Jan 13 11:21:19 host160 containerd: time="2021-01-13T11:21:19.307432755+08:00" level=info msg="loading plugin "io.containerd.grpc.v1.containers"..." type=io.containerd.grpc.v1
Jan 13 11:21:19 host160 containerd: time="2021-01-13T11:21:19.307445768+08:00" level=info msg="loading plugin "io.containerd.grpc.v1.content"..." type=io.containerd.grpc.v1
Jan 13 11:21:19 host160 containerd: time="2021-01-13T11:21:19.307457249+08:00" level=info msg="loading plugin "io.containerd.grpc.v1.diff"..." type=io.containerd.grpc.v1
Jan 13 11:21:19 host160 containerd: time="2021-01-13T11:21:19.307468460+08:00" level=info msg="loading plugin "io.containerd.grpc.v1.events"..." type=io.containerd.grpc.v1
Jan 13 11:21:19 host160 containerd: time="2021-01-13T11:21:19.307478979+08:00" level=info msg="loading plugin "io.containerd.grpc.v1.healthcheck"..." type=io.containerd.grpc.v1
Jan 13 11:21:19 host160 containerd: time="2021-01-13T11:21:19.307489694+08:00" level=info msg="loading plugin "io.containerd.grpc.v1.images"..." type=io.containerd.grpc.v1
Jan 13 11:21:19 host160 containerd: time="2021-01-13T11:21:19.307499671+08:00" level=info msg="loading plugin "io.containerd.grpc.v1.leases"..." type=io.containerd.grpc.v1
Jan 13 11:21:19 host160 containerd: time="2021-01-13T11:21:19.307509919+08:00" level=info msg="loading plugin "io.containerd.grpc.v1.namespaces"..." type=io.containerd.grpc.v1
Jan 13 11:21:19 host160 containerd: time="2021-01-13T11:21:19.307521280+08:00" level=info msg="loading plugin "io.containerd.internal.v1.opt"..." type=io.containerd.internal.v1
Jan 13 11:21:19 host160 containerd: time="2021-01-13T11:21:19.311088153+08:00" level=info msg="loading plugin "io.containerd.grpc.v1.snapshots"..." type=io.containerd.grpc.v1
Jan 13 11:21:19 host160 containerd: time="2021-01-13T11:21:19.311109530+08:00" level=info msg="loading plugin "io.containerd.grpc.v1.tasks"..." type=io.containerd.grpc.v1
Jan 13 11:21:19 host160 containerd: time="2021-01-13T11:21:19.311125061+08:00" level=info msg="loading plugin "io.containerd.grpc.v1.version"..." type=io.containerd.grpc.v1
Jan 13 11:21:19 host160 containerd: time="2021-01-13T11:21:19.311138737+08:00" level=info msg="loading plugin "io.containerd.grpc.v1.introspection"..." type=io.containerd.grpc.v1
Jan 13 11:21:19 host160 containerd: time="2021-01-13T11:21:19.312227331+08:00" level=info msg=serving... address="/run/containerd/containerd.sock"
Jan 13 11:21:19 host160 containerd: time="2021-01-13T11:21:19.312245666+08:00" level=info msg="containerd successfully booted in 0.022158s"
Jan 13 11:21:19 host160 cloud-init: Cloud-init v. 17.1 running 'init' at Wed, 13 Jan 2021 03:21:19 +0000. Up 13.73 seconds.
Jan 13 11:21:19 host160 server: Configuration error
Jan 13 11:21:19 host160 server: java.io.FileNotFoundException: /usr/share/cloudstack-management/conf/logging.properties (No such file or directory)
Jan 13 11:21:19 host160 server: at java.io.FileInputStream.open0(Native Method)
Jan 13 11:21:19 host160 server: at java.io.FileInputStream.open(FileInputStream.java:195)
Jan 13 11:21:19 host160 server: at java.io.FileInputStream.<init>(FileInputStream.java:138)
Jan 13 11:21:19 host160 server: at java.io.FileInputStream.<init>(FileInputStream.java:93)
Jan 13 11:21:19 host160 server: at org.apache.juli.ClassLoaderLogManager.readConfiguration(ClassLoaderLogManager.java:466)
Jan 13 11:21:19 host160 server: at org.apache.juli.ClassLoaderLogManager.readConfiguration(ClassLoaderLogManager.java:311)
Jan 13 11:21:19 host160 server: at java.util.logging.LogManager$3.run(LogManager.java:399)
Jan 13 11:21:19 host160 server: at java.util.logging.LogManager$3.run(LogManager.java:396)
Jan 13 11:21:19 host160 server: at java.security.AccessController.doPrivileged(Native Method)
Jan 13 11:21:19 host160 server: at java.util.logging.LogManager.readPrimordialConfiguration(LogManager.java:396)
Jan 13 11:21:19 host160 server: at java.util.logging.LogManager.access$800(LogManager.java:145)
Jan 13 11:21:19 host160 server: at java.util.logging.LogManager$2.run(LogManager.java:345)
Jan 13 11:21:19 host160 server: at java.security.AccessController.doPrivileged(Native Method)
Jan 13 11:21:19 host160 server: at java.util.logging.LogManager.ensureLogManagerInitialized(LogManager.java:338)
Jan 13 11:21:19 host160 server: at java.util.logging.LogManager.getLogManager(LogManager.java:378)
Jan 13 11:21:19 host160 server: at java.util.logging.Logger.demandLogger(Logger.java:448)
Jan 13 11:21:19 host160 server: at java.util.logging.Logger.getLogger(Logger.java:502)
Jan 13 11:21:19 host160 server: at com.sun.jmx.remote.util.ClassLogger.<init>(ClassLogger.java:55)
Jan 13 11:21:19 host160 server: at sun.management.jmxremote.ConnectorBootstrap.<clinit>(ConnectorBootstrap.java:846)
Jan 13 11:21:19 host160 server: at sun.management.Agent.startLocalManagementAgent(Agent.java:137)
Jan 13 11:21:19 host160 server: at sun.management.Agent.startAgent(Agent.java:265)
Jan 13 11:21:19 host160 server: at sun.management.Agent.startAgent(Agent.java:452)
Jan 13 11:21:19 host160 cloud-init: ci-info: +++++++++++++++++++++++++++++Net device info++++++++++++++++++++++++++++++
Jan 13 11:21:19 host160 cloud-init: ci-info: +--------+------+------------+---------------+-------+-------------------+
Jan 13 11:21:19 host160 cloud-init: ci-info: | Device |  Up  |  Address   |      Mask     | Scope |     Hw-Address    |
Jan 13 11:21:19 host160 cloud-init: ci-info: +--------+------+------------+---------------+-------+-------------------+
Jan 13 11:21:19 host160 cloud-init: ci-info: |  lo:   | True | 127.0.0.1  |   255.0.0.0   |   .   |         .         |
Jan 13 11:21:19 host160 cloud-init: ci-info: | eth0:  | True | 172.16.0.6 | 255.255.240.0 |   .   | 52:54:00:f3:35:f9 |
Jan 13 11:21:19 host160 cloud-init: ci-info: +--------+------+------------+---------------+-------+-------------------+
Jan 13 11:21:19 host160 cloud-init: ci-info: ++++++++++++++++++++++++++++++Route IPv4 info++++++++++++++++++++++++++++++
Jan 13 11:21:19 host160 cloud-init: ci-info: +-------+--------------+------------+-----------------+-----------+-------+
Jan 13 11:21:19 host160 cloud-init: ci-info: | Route | Destination  |  Gateway   |     Genmask     | Interface | Flags |
Jan 13 11:21:19 host160 cloud-init: ci-info: +-------+--------------+------------+-----------------+-----------+-------+
Jan 13 11:21:19 host160 cloud-init: ci-info: |   0   |   0.0.0.0    | 172.16.0.1 |     0.0.0.0     |    eth0   |   UG  |
Jan 13 11:21:19 host160 cloud-init: ci-info: |   1   | 169.254.0.0  |  0.0.0.0   |   255.255.0.0   |    eth0   |   U   |
Jan 13 11:21:19 host160 cloud-init: ci-info: |   2   |  172.16.0.0  |  0.0.0.0   |  255.255.240.0  |    eth0   |   U   |
Jan 13 11:21:19 host160 cloud-init: ci-info: |   3   | 172.23.214.1 | 172.16.0.1 | 255.255.255.255 |    eth0   |  UGH  |
Jan 13 11:21:19 host160 cloud-init: ci-info: +-------+--------------+------------+-----------------+-----------+-------+
Jan 13 11:21:19 host160 systemd: Started Initial cloud-init job (metadata service crawler).
Jan 13 11:21:19 host160 systemd: Reached target Network is Online.
Jan 13 11:21:19 host160 systemd: Starting System Logging Service...
Jan 13 11:21:19 host160 systemd: Starting Crash recovery kernel arming...
Jan 13 11:21:19 host160 systemd: Starting Docker Application Container Engine...
Jan 13 11:21:19 host160 systemd: Starting Notify NFS peers of a restart...
Jan 13 11:21:19 host160 systemd: Starting Permit User Sessions...
Jan 13 11:21:19 host160 systemd: Starting OpenSSH server daemon...
Jan 13 11:21:19 host160 sm-notify[3261]: Version 1.3.0 starting
Jan 13 11:21:19 host160 systemd: Reached target Cloud-config availability.
Jan 13 11:21:19 host160 systemd: Starting Apply the settings specified in cloud-config...
Jan 13 11:21:19 host160 systemd: Started Permit User Sessions.
Jan 13 11:21:19 host160 systemd: Starting Wait for Plymouth Boot Screen to Quit...
Jan 13 11:21:19 host160 systemd: Started Command Scheduler.
Jan 13 11:21:19 host160 systemd: Started Job spooling tools.
Jan 13 11:21:19 host160 systemd: Starting Terminate Plymouth Boot Screen...
Jan 13 11:21:19 host160 systemd: Started Notify NFS peers of a restart.
Jan 13 11:21:19 host160 rsyslogd: [origin software="rsyslogd" swVersion="8.24.0-34.el7" x-pid="3258" x-info="http://www.rsyslog.com"] start
Jan 13 11:21:19 host160 systemd: Started System Logging Service.
Jan 13 11:21:19 host160 systemd: Started OpenSSH server daemon.
Jan 13 11:21:20 host160 systemd: Received SIGRTMIN+21 from PID 358 (plymouthd).
Jan 13 11:21:20 host160 systemd: Started Terminate Plymouth Boot Screen.
Jan 13 11:21:20 host160 systemd: Started Wait for Plymouth Boot Screen to Quit.
Jan 13 11:21:20 host160 systemd: Started Getty on tty1.
Jan 13 11:21:20 host160 systemd: Started Serial Getty on ttyS0.
Jan 13 11:21:20 host160 systemd: Reached target Login Prompts.
Jan 13 11:21:20 host160 ntpd[2615]: Listen normally on 1 eth0 172.16.0.6 UDP 123
Jan 13 11:21:20 host160 dockerd: time="2021-01-13T11:21:20.562226924+08:00" level=info msg="Starting up"
Jan 13 11:21:20 host160 dockerd: time="2021-01-13T11:21:20.565000224+08:00" level=warning msg="[!] DON'T BIND ON ANY IP ADDRESS WITHOUT setting --tlsverify IF YOU DON'T KNOW WHAT YOU'RE DOING [!]"
Jan 13 11:21:20 host160 dockerd: time="2021-01-13T11:21:20.571313734+08:00" level=info msg="parsed scheme: \"unix\"" module=grpc
Jan 13 11:21:20 host160 dockerd: time="2021-01-13T11:21:20.571335347+08:00" level=info msg="scheme \"unix\" not registered, fallback to default scheme" module=grpc
Jan 13 11:21:20 host160 dockerd: time="2021-01-13T11:21:20.571360017+08:00" level=info msg="ccResolverWrapper: sending update to cc: {[{unix:///run/containerd/containerd.sock 0  <nil>}] <nil>}" module=grpc
Jan 13 11:21:20 host160 dockerd: time="2021-01-13T11:21:20.571373051+08:00" level=info msg="ClientConn switching balancer to \"pick_first\"" module=grpc
Jan 13 11:21:20 host160 dockerd: time="2021-01-13T11:21:20.584048500+08:00" level=info msg="parsed scheme: \"unix\"" module=grpc
Jan 13 11:21:20 host160 dockerd: time="2021-01-13T11:21:20.584073410+08:00" level=info msg="scheme \"unix\" not registered, fallback to default scheme" module=grpc
Jan 13 11:21:20 host160 dockerd: time="2021-01-13T11:21:20.584091676+08:00" level=info msg="ccResolverWrapper: sending update to cc: {[{unix:///run/containerd/containerd.sock 0  <nil>}] <nil>}" module=grpc
Jan 13 11:21:20 host160 dockerd: time="2021-01-13T11:21:20.584102283+08:00" level=info msg="ClientConn switching balancer to \"pick_first\"" module=grpc
Jan 13 11:21:20 host160 kernel: TECH PREVIEW: Overlay filesystem may not be fully supported.#012Please review provided documentation for limitations.
Jan 13 11:21:20 host160 dockerd: time="2021-01-13T11:21:20.790129962+08:00" level=info msg="[graphdriver] using prior storage driver: overlay2"
Jan 13 11:21:21 host160 cloud-init: Cloud-init v. 17.1 running 'modules:config' at Wed, 13 Jan 2021 03:21:20 +0000. Up 15.13 seconds.
Jan 13 11:21:21 host160 systemd: Started Apply the settings specified in cloud-config.
Jan 13 11:21:21 host160 systemd: Starting Execute cloud user/final scripts...
Jan 13 11:21:21 host160 kernel: Netfilter messages via NETLINK v0.30.
Jan 13 11:21:21 host160 kernel: device eth0 entered promiscuous mode
Jan 13 11:21:21 host160 server: Jan 13, 2021 11:21:21 AM org.apache.catalina.startup.ClassLoaderFactory validateFile
Jan 13 11:21:21 host160 server: WARNING: Problem with directory [/usr/share/cloudstack-mysql-ha/lib/*jar], exists: [false], isDirectory: [false], canRead: [false]
Jan 13 11:21:21 host160 systemd: Started Dynamic System Tuning Daemon.
Jan 13 11:21:22 host160 cloud-init: Cloud-init v. 17.1 running 'modules:final' at Wed, 13 Jan 2021 03:21:22 +0000. Up 16.45 seconds.
Jan 13 11:21:22 host160 ntpd_intres[2622]: DNS ntp1.aliyun.com -> 120.25.115.20
Jan 13 11:21:22 host160 ntpd_intres[2622]: DNS ntp2.aliyun.com -> 203.107.6.88
Jan 13 11:21:22 host160 cloud-init: Cloud-init v. 17.1 finished at Wed, 13 Jan 2021 03:21:22 +0000. Datasource DataSourceConfigDrive [local,ver=2][source=/dev/sr0].  Up 16.89 seconds
Jan 13 11:21:22 host160 systemd: Started Execute cloud user/final scripts.
Jan 13 11:21:23 host160 kdumpctl: Detected change(s) of loaded kernel modules list:
Jan 13 11:21:23 host160 kdumpctl: -bridge
Jan 13 11:21:23 host160 kdumpctl: -br_netfilter
Jan 13 11:21:23 host160 kdumpctl: -ip6_udp_tunnel
Jan 13 11:21:23 host160 kdumpctl: -iptable_filter
Jan 13 11:21:23 host160 kdumpctl: -iptable_mangle
Jan 13 11:21:23 host160 kdumpctl: -iptable_nat
Jan 13 11:21:23 host160 kdumpctl: -ipt_MASQUERADE
Jan 13 11:21:23 host160 kdumpctl: -libcrc32c
Jan 13 11:21:23 host160 kdumpctl: -llc
Jan 13 11:21:23 host160 kdumpctl: -nf_conntrack
Jan 13 11:21:23 host160 kdumpctl: -nf_conntrack_ipv4
Jan 13 11:21:23 host160 kdumpctl: -nf_conntrack_netlink
Jan 13 11:21:23 host160 kdumpctl: -nf_defrag_ipv4
Jan 13 11:21:23 host160 kdumpctl: -nf_nat
Jan 13 11:21:23 host160 kdumpctl: -nf_nat_ipv4
Jan 13 11:21:23 host160 kdumpctl: -nf_nat_masquerade_ipv4
Jan 13 11:21:23 host160 kdumpctl: -stp
Jan 13 11:21:23 host160 kdumpctl: -udp_tunnel
Jan 13 11:21:23 host160 kdumpctl: -veth
Jan 13 11:21:23 host160 kdumpctl: -vxlan
Jan 13 11:21:23 host160 kdumpctl: -xt_addrtype
Jan 13 11:21:23 host160 kdumpctl: -xt_comment
Jan 13 11:21:23 host160 kdumpctl: -xt_conntrack
Jan 13 11:21:23 host160 kdumpctl: -xt_mark
Jan 13 11:21:23 host160 kdumpctl: -xt_nat
Jan 13 11:21:23 host160 kdumpctl: Rebuilding /boot/initramfs-3.10.0-957.21.3.el7.x86_64kdump.img
Jan 13 11:21:24 host160 server: Jan 13, 2021 11:21:24 AM org.apache.tomcat.util.digester.SetPropertiesRule begin
Jan 13 11:21:24 host160 server: WARNING: [SetPropertiesRule]{Server/Service/Engine/Host} Setting property 'xmlValidation' to 'false' did not find a matching property.
Jan 13 11:21:24 host160 server: Jan 13, 2021 11:21:24 AM org.apache.tomcat.util.digester.SetPropertiesRule begin
Jan 13 11:21:24 host160 server: WARNING: [SetPropertiesRule]{Server/Service/Engine/Host} Setting property 'xmlNamespaceAware' to 'false' did not find a matching property.
Jan 13 11:21:24 host160 server: Jan 13, 2021 11:21:24 AM org.apache.catalina.core.AprLifecycleListener lifecycleEvent
Jan 13 11:21:24 host160 server: INFO: The APR based Apache Tomcat Native library which allows optimal performance in production environments was not found on the java.library.path: /usr/java/packages/lib/amd64:/usr/lib64:/lib64:/lib:/usr/lib
Jan 13 11:21:24 host160 dockerd: time="2021-01-13T11:21:24.996757865+08:00" level=info msg="Loading containers: start."
Jan 13 11:21:25 host160 server: Jan 13, 2021 11:21:25 AM org.apache.coyote.AbstractProtocol init
Jan 13 11:21:25 host160 server: INFO: Initializing ProtocolHandler ["http-nio-8080"]
Jan 13 11:21:25 host160 server: Jan 13, 2021 11:21:25 AM org.apache.tomcat.util.net.NioSelectorPool getSharedSelector
Jan 13 11:21:25 host160 server: INFO: Using a shared selector for servlet write/read
Jan 13 11:21:25 host160 server: Jan 13, 2021 11:21:25 AM org.apache.coyote.AbstractProtocol init
Jan 13 11:21:25 host160 server: INFO: Initializing ProtocolHandler ["ajp-bio-20400"]
Jan 13 11:21:25 host160 server: Jan 13, 2021 11:21:25 AM org.apache.catalina.startup.Catalina load
Jan 13 11:21:25 host160 server: INFO: Initialization processed in 2696 ms
Jan 13 11:21:25 host160 dracut: dracut-033-564.el7
Jan 13 11:21:25 host160 server: Jan 13, 2021 11:21:25 AM org.apache.catalina.core.StandardService startInternal
Jan 13 11:21:25 host160 server: INFO: Starting service Catalina
Jan 13 11:21:25 host160 server: Jan 13, 2021 11:21:25 AM org.apache.catalina.core.StandardEngine startInternal
Jan 13 11:21:25 host160 server: INFO: Starting Servlet Engine: Apache Tomcat/7.0.76
Jan 13 11:21:25 host160 server: Jan 13, 2021 11:21:25 AM org.apache.catalina.startup.HostConfig deployDirectory
Jan 13 11:21:25 host160 server: INFO: Deploying web application directory /usr/share/cloudstack-management/webapps/client
Jan 13 11:21:25 host160 dracut: Executing: /usr/sbin/dracut --hostonly --hostonly-cmdline --hostonly-i18n --hostonly-mode strict -o "plymouth dash resume ifcfg" --mount "/dev/disk/by-uuid/4b499d76-769a-40a0-93dc-4a31a59add28 /sysroot ext4 noatime,acl,user_xattr" --no-hostonly-default-device -f /boot/initramfs-3.10.0-957.21.3.el7.x86_64kdump.img 3.10.0-957.21.3.el7.x86_64
Jan 13 11:21:25 host160 kernel: bridge: filtering via arp/ip/ip6tables is no longer available by default. Update your scripts to load br_netfilter if you need this.
Jan 13 11:21:25 host160 kernel: Bridge firewalling registered
Jan 13 11:21:25 host160 kernel: nf_conntrack version 0.5.0 (16384 buckets, 65536 max)
Jan 13 11:21:25 host160 kernel: ctnetlink v0.93: registering with nfnetlink.
Jan 13 11:21:25 host160 kernel: IPv6: ADDRCONF(NETDEV_UP): br-b1e2b5252324: link is not ready
Jan 13 11:21:26 host160 kernel: IPv6: ADDRCONF(NETDEV_UP): br-276f888479a8: link is not ready
Jan 13 11:21:26 host160 kernel: IPv6: ADDRCONF(NETDEV_UP): br-3bf4bd87311c: link is not ready
Jan 13 11:21:26 host160 kernel: IPv6: ADDRCONF(NETDEV_UP): br-4a5497eb01c6: link is not ready
Jan 13 11:21:26 host160 kernel: IPv6: ADDRCONF(NETDEV_UP): docker_gwbridge: link is not ready
Jan 13 11:21:26 host160 dracut: dracut module 'busybox' will not be installed, because command 'busybox' could not be found!
Jan 13 11:21:26 host160 dracut: dracut module 'ifcfg' will not be installed, because it's in the list to be omitted!
Jan 13 11:21:26 host160 dracut: dracut module 'plymouth' will not be installed, because it's in the list to be omitted!
Jan 13 11:21:26 host160 kernel: IPv6: ADDRCONF(NETDEV_UP): docker0: link is not ready
Jan 13 11:21:26 host160 dracut: dracut module 'dmraid' will not be installed, because command 'dmraid' could not be found!
Jan 13 11:21:26 host160 dracut: dracut module 'dmsquash-live-ntfs' will not be installed, because command 'ntfs-3g' could not be found!
Jan 13 11:21:26 host160 dracut: dracut module 'mdraid' will not be installed, because command 'mdadm' could not be found!
Jan 13 11:21:26 host160 dracut: dracut module 'multipath' will not be installed, because command 'multipath' could not be found!
Jan 13 11:21:26 host160 dracut: dracut module 'cifs' will not be installed, because command 'mount.cifs' could not be found!
Jan 13 11:21:26 host160 dockerd: time="2021-01-13T11:21:26.718662696+08:00" level=info msg="Removing stale sandbox ingress_sbox (ingress-sbox)"
Jan 13 11:21:26 host160 dracut: dracut module 'resume' will not be installed, because it's in the list to be omitted!
Jan 13 11:21:26 host160 dockerd: time="2021-01-13T11:21:26.730375012+08:00" level=warning msg="Error (Unable to complete atomic operation, key modified) deleting object [endpoint 7a9b9d59829274cb24807f79165d2459f56524831a4f1bee28dbc656057526e6 680cd76ccb55d48ad9b60f326294ff1d24a528af453190d0e3ccdadf06dfc6c5], retrying...."
Jan 13 11:21:26 host160 dracut: dracut module 'biosdevname' will not be installed, because command 'biosdevname' could not be found!
Jan 13 11:21:27 host160 dockerd: time="2021-01-13T11:21:27.055755090+08:00" level=info msg="Loading containers: done."
Jan 13 11:21:27 host160 dracut: dracut module 'busybox' will not be installed, because command 'busybox' could not be found!
Jan 13 11:21:27 host160 dockerd: time="2021-01-13T11:21:27.111679113+08:00" level=info msg="Docker daemon" commit=afacb8b graphdriver(s)=overlay2 version=19.03.8
Jan 13 11:21:27 host160 dracut: dracut module 'dmraid' will not be installed, because command 'dmraid' could not be found!
Jan 13 11:21:27 host160 dracut: dracut module 'dmsquash-live-ntfs' will not be installed, because command 'ntfs-3g' could not be found!
Jan 13 11:21:27 host160 dockerd: time="2021-01-13T11:21:27.181368231+08:00" level=info msg="parsed scheme: \"\"" module=grpc
Jan 13 11:21:27 host160 dockerd: time="2021-01-13T11:21:27.181405629+08:00" level=info msg="scheme \"\" not registered, fallback to default scheme" module=grpc
Jan 13 11:21:27 host160 dockerd: time="2021-01-13T11:21:27.181423460+08:00" level=info msg="ccResolverWrapper: sending update to cc: {[{/var/run/docker/swarm/control.sock 0  <nil>}] <nil>}" module=grpc
Jan 13 11:21:27 host160 dockerd: time="2021-01-13T11:21:27.181435970+08:00" level=info msg="ClientConn switching balancer to \"pick_first\"" module=grpc
Jan 13 11:21:27 host160 dracut: dracut module 'mdraid' will not be installed, because command 'mdadm' could not be found!
Jan 13 11:21:27 host160 dracut: dracut module 'multipath' will not be installed, because command 'multipath' could not be found!
Jan 13 11:21:27 host160 dockerd: time="2021-01-13T11:21:27.191717205+08:00" level=info msg="Listening for connections" addr="[::]:2377" module=node node.id=agh2759eqz1mkem2a6w9fsnuy proto=tcp
Jan 13 11:21:27 host160 dockerd: time="2021-01-13T11:21:27.191780592+08:00" level=info msg="Listening for local connections" addr=/var/run/docker/swarm/control.sock module=node node.id=agh2759eqz1mkem2a6w9fsnuy proto=unix
Jan 13 11:21:27 host160 dockerd: time="2021-01-13T11:21:27.214369338+08:00" level=info msg="parsed scheme: \"\"" module=grpc
Jan 13 11:21:27 host160 dockerd: time="2021-01-13T11:21:27.214410032+08:00" level=info msg="scheme \"\" not registered, fallback to default scheme" module=grpc
Jan 13 11:21:27 host160 dockerd: time="2021-01-13T11:21:27.214565071+08:00" level=info msg="ccResolverWrapper: sending update to cc: {[{172.16.0.6:2377 0  <nil>}] <nil>}" module=grpc
Jan 13 11:21:27 host160 dockerd: time="2021-01-13T11:21:27.214579010+08:00" level=info msg="ClientConn switching balancer to \"pick_first\"" module=grpc
Jan 13 11:21:27 host160 dockerd: time="2021-01-13T11:21:27.214599041+08:00" level=info msg="manager selected by agent for new session: {agh2759eqz1mkem2a6w9fsnuy 172.16.0.6:2377}" module=node/agent node.id=agh2759eqz1mkem2a6w9fsnuy
Jan 13 11:21:27 host160 dracut: dracut module 'cifs' will not be installed, because command 'mount.cifs' could not be found!
Jan 13 11:21:27 host160 dockerd: time="2021-01-13T11:21:27.220615778+08:00" level=info msg="waiting 0s before registering session" module=node/agent node.id=agh2759eqz1mkem2a6w9fsnuy
Jan 13 11:21:27 host160 dracut: *** Including module: bash ***
Jan 13 11:21:27 host160 dracut: *** Including module: nss-softokn ***
Jan 13 11:21:27 host160 dracut: *** Including module: i18n ***
Jan 13 11:21:27 host160 dockerd: time="2021-01-13T11:21:27.531669711+08:00" level=info msg="365fef8e71ff42a4 became follower at term 48" module=raft node.id=agh2759eqz1mkem2a6w9fsnuy
Jan 13 11:21:27 host160 dockerd: time="2021-01-13T11:21:27.531722668+08:00" level=info msg="newRaft 365fef8e71ff42a4 [peers: [365fef8e71ff42a4], term: 48, commit: 131385, applied: 130000, lastindex: 131385, lastterm: 48]" module=raft node.id=agh2759eqz1mkem2a6w9fsnuy
Jan 13 11:21:27 host160 dracut: *** Including module: network ***
Jan 13 11:21:27 host160 dockerd: time="2021-01-13T11:21:27.718570590+08:00" level=info msg="365fef8e71ff42a4 is starting a new election at term 48" module=raft node.id=agh2759eqz1mkem2a6w9fsnuy
Jan 13 11:21:27 host160 dockerd: time="2021-01-13T11:21:27.718632934+08:00" level=info msg="365fef8e71ff42a4 became candidate at term 49" module=raft node.id=agh2759eqz1mkem2a6w9fsnuy
Jan 13 11:21:27 host160 dockerd: time="2021-01-13T11:21:27.718658824+08:00" level=info msg="365fef8e71ff42a4 received MsgVoteResp from 365fef8e71ff42a4 at term 49" module=raft node.id=agh2759eqz1mkem2a6w9fsnuy
Jan 13 11:21:27 host160 dockerd: time="2021-01-13T11:21:27.718681517+08:00" level=info msg="365fef8e71ff42a4 became leader at term 49" module=raft node.id=agh2759eqz1mkem2a6w9fsnuy
Jan 13 11:21:27 host160 dockerd: time="2021-01-13T11:21:27.718694819+08:00" level=info msg="raft.node: 365fef8e71ff42a4 elected leader 365fef8e71ff42a4 at term 49" module=raft node.id=agh2759eqz1mkem2a6w9fsnuy
Jan 13 11:21:27 host160 dockerd: time="2021-01-13T11:21:27.744365056+08:00" level=error msg="error creating cluster object" error="name conflicts with an existing object" module=node node.id=agh2759eqz1mkem2a6w9fsnuy
Jan 13 11:21:27 host160 dockerd: time="2021-01-13T11:21:27.744498905+08:00" level=info msg="leadership changed from not yet part of a raft cluster to agh2759eqz1mkem2a6w9fsnuy" module=node node.id=agh2759eqz1mkem2a6w9fsnuy
Jan 13 11:21:27 host160 dockerd: time="2021-01-13T11:21:27.744571185+08:00" level=info msg="dispatcher starting" module=dispatcher node.id=agh2759eqz1mkem2a6w9fsnuy
Jan 13 11:21:28 host160 dockerd: time="2021-01-13T11:21:28.287200836+08:00" level=info msg="worker agh2759eqz1mkem2a6w9fsnuy was successfully registered" method="(*Dispatcher).register"
Jan 13 11:21:28 host160 dockerd: time="2021-01-13T11:21:28.302270638+08:00" level=info msg="initialized VXLAN UDP port to 4789 "
Jan 13 11:21:28 host160 dockerd: time="2021-01-13T11:21:28.302343226+08:00" level=info msg="Initializing Libnetwork Agent Listen-Addr=0.0.0.0 Local-addr=172.16.0.6 Adv-addr=172.16.0.6 Data-addr= Remote-addr-list=[] MTU=1500"
Jan 13 11:21:28 host160 dockerd: time="2021-01-13T11:21:28.302442284+08:00" level=info msg="New memberlist node - Node:host160 will use memberlist nodeID:ed803bdcce72 with config:&{NodeID:ed803bdcce72 Hostname:host160 BindAddr:0.0.0.0 AdvertiseAddr:172.16.0.6 BindPort:0 Keys:[[183 78 43 49 208 204 225 193 250 152 80 42 247 204 193 107] [163 95 35 53 156 109 7 104 197 252 118 180 104 118 211 52] [251 176 18 204 48 11 141 140 174 230 124 147 87 169 12 158]] PacketBufferSize:1400 reapEntryInterval:1800000000000 reapNetworkInterval:1825000000000 StatsPrintPeriod:5m0s HealthPrintPeriod:1m0s}"
Jan 13 11:21:28 host160 dockerd: time="2021-01-13T11:21:28.302906668+08:00" level=info msg="Node ed803bdcce72/172.16.0.6, joined gossip cluster"
Jan 13 11:21:28 host160 dockerd: time="2021-01-13T11:21:28.302961296+08:00" level=info msg="Node ed803bdcce72/172.16.0.6, added to nodes list"
Jan 13 11:21:28 host160 dockerd: time="2021-01-13T11:21:28.320153657+08:00" level=info msg="Daemon has completed initialization"
Jan 13 11:21:28 host160 systemd: Started Docker Application Container Engine.
Jan 13 11:21:28 host160 dockerd: time="2021-01-13T11:21:28.483428655+08:00" level=info msg="API listen on /var/run/docker.sock"
Jan 13 11:21:28 host160 dockerd: time="2021-01-13T11:21:28.507076892+08:00" level=info msg="API listen on /var/run/docker.sock"
Jan 13 11:21:28 host160 dockerd: time="2021-01-13T11:21:28.523122360+08:00" level=info msg="API listen on [::]:2375"
Jan 13 11:21:28 host160 dockerd: http: superfluous response.WriteHeader call from github.com/docker/docker/api/server/httputils.WriteJSON (httputils_write_json.go:11)
Jan 13 11:21:28 host160 dockerd: time="2021-01-13T11:21:28.610091106+08:00" level=error msg="Handler for GET /info returned error: write unix /var/run/docker.sock->@: write: broken pipe"
Jan 13 11:21:28 host160 dockerd: time="2021-01-13T11:21:28.847299245+08:00" level=error msg="error reading the kernel parameter net.ipv4.vs.expire_nodest_conn" error="open /proc/sys/net/ipv4/vs/expire_nodest_conn: no such file or directory"
Jan 13 11:21:28 host160 kubelet: I0113 11:21:28.882058    2560 server.go:661] --cgroups-per-qos enabled, but --cgroup-root was not specified.  defaulting to /
Jan 13 11:21:28 host160 kubelet: I0113 11:21:28.886145    2560 container_manager_linux.go:261] container manager verified user specified cgroup-root exists: []
Jan 13 11:21:28 host160 kubelet: I0113 11:21:28.886173    2560 container_manager_linux.go:266] Creating Container Manager object based on Node Config: {RuntimeCgroupsName: SystemCgroupsName: KubeletCgroupsName: ContainerRuntime:docker CgroupsPerQOS:true CgroupRoot:/ CgroupDriver:cgroupfs KubeletRootDir:/var/lib/kubelet ProtectKernelDefaults:false NodeAllocatableConfig:{KubeReservedCgroupName: SystemReservedCgroupName: EnforceNodeAllocatable:map[pods:{}] KubeReserved:map[] SystemReserved:map[] HardEvictionThresholds:[{Signal:memory.available Operator:LessThan Value:{Quantity:100Mi Percentage:0} GracePeriod:0s MinReclaim:<nil>} {Signal:nodefs.available Operator:LessThan Value:{Quantity:<nil> Percentage:0.1} GracePeriod:0s MinReclaim:<nil>} {Signal:nodefs.inodesFree Operator:LessThan Value:{Quantity:<nil> Percentage:0.05} GracePeriod:0s MinReclaim:<nil>} {Signal:imagefs.available Operator:LessThan Value:{Quantity:<nil> Percentage:0.15} GracePeriod:0s MinReclaim:<nil>}]} QOSReserved:map[] ExperimentalCPUManagerPolicy:none ExperimentalCPUManagerReconcilePeriod:10s ExperimentalPodPidsLimit:-1 EnforceCPULimits:true CPUCFSQuotaPeriod:100ms}
Jan 13 11:21:28 host160 kubelet: I0113 11:21:28.886283    2560 container_manager_linux.go:286] Creating device plugin manager: true
Jan 13 11:21:28 host160 kubelet: I0113 11:21:28.886332    2560 state_mem.go:36] [cpumanager] initializing new in-memory state store
Jan 13 11:21:28 host160 kubelet: I0113 11:21:28.889088    2560 state_mem.go:84] [cpumanager] updated default cpuset: ""
Jan 13 11:21:28 host160 kubelet: I0113 11:21:28.889103    2560 state_mem.go:92] [cpumanager] updated cpuset assignments: "map[]"
Jan 13 11:21:28 host160 kubelet: I0113 11:21:28.898102    2560 kubelet.go:281] Adding pod path: /etc/kubernetes/manifests
Jan 13 11:21:28 host160 kubelet: I0113 11:21:28.898149    2560 kubelet.go:306] Watching apiserver
Jan 13 11:21:28 host160 kubelet: I0113 11:21:28.928759    2560 client.go:75] Connecting to docker on unix:///var/run/docker.sock
Jan 13 11:21:28 host160 kubelet: I0113 11:21:28.928782    2560 client.go:104] Start docker client with request timeout=2m0s
Jan 13 11:21:28 host160 kubelet: E0113 11:21:28.936598    2560 reflector.go:125] k8s.io/kubernetes/pkg/kubelet/config/apiserver.go:47: Failed to list *v1.Pod: Get https://localhost:8443/api/v1/pods?fieldSelector=spec.nodeName%3Dminikube&limit=500&resourceVersion=0: dial tcp 127.0.0.1:8443: connect: connection refused
Jan 13 11:21:28 host160 kubelet: E0113 11:21:28.936742    2560 reflector.go:125] k8s.io/kubernetes/pkg/kubelet/kubelet.go:453: Failed to list *v1.Node: Get https://localhost:8443/api/v1/nodes?fieldSelector=metadata.name%3Dminikube&limit=500&resourceVersion=0: dial tcp 127.0.0.1:8443: connect: connection refused
Jan 13 11:21:28 host160 kubelet: E0113 11:21:28.936824    2560 reflector.go:125] k8s.io/kubernetes/pkg/kubelet/kubelet.go:444: Failed to list *v1.Service: Get https://localhost:8443/api/v1/services?limit=500&resourceVersion=0: dial tcp 127.0.0.1:8443: connect: connection refused
Jan 13 11:21:29 host160 kubelet: W0113 11:21:29.053442    2560 docker_service.go:561] Hairpin mode set to "promiscuous-bridge" but kubenet is not enabled, falling back to "hairpin-veth"
Jan 13 11:21:29 host160 kubelet: I0113 11:21:29.056036    2560 docker_service.go:238] Hairpin mode set to "hairpin-veth"
Jan 13 11:21:29 host160 kubelet: W0113 11:21:29.056227    2560 cni.go:213] Unable to update cni config: No networks found in /etc/cni/net.d
Jan 13 11:21:29 host160 kubelet: W0113 11:21:29.059920    2560 hostport_manager.go:68] The binary conntrack is not installed, this can cause failures in network connection cleanup.
Jan 13 11:21:29 host160 kubelet: I0113 11:21:29.062343    2560 docker_service.go:253] Docker cri networking managed by kubernetes.io/no-op
Jan 13 11:21:29 host160 server: Jan 13, 2021 11:21:29 AM org.apache.catalina.loader.WebappClassLoaderBase validateJarFile
Jan 13 11:21:29 host160 server: INFO: validateJarFile(/usr/share/cloudstack-management/webapps/client/WEB-INF/lib/servlet-api-2.5-20081211.jar) - jar not loaded. See Servlet Spec 3.0, section 10.7.2. Offending class: javax/servlet/Servlet.class
Jan 13 11:21:29 host160 server: Jan 13, 2021 11:21:29 AM org.apache.catalina.loader.WebappClassLoaderBase validateJarFile
Jan 13 11:21:29 host160 server: INFO: validateJarFile(/usr/share/cloudstack-management/webapps/client/WEB-INF/lib/servlet-api-2.5.jar) - jar not loaded. See Servlet Spec 3.0, section 10.7.2. Offending class: javax/servlet/Servlet.class
Jan 13 11:21:29 host160 kubelet: I0113 11:21:29.162559    2560 docker_service.go:258] Docker Info: &{ID:ZZMV:BKB6:GTGV:2BLV:44A2:MR7C:75Z3:GYCV:6HAX:QTG6:H73H:IHWT Containers:53 ContainersRunning:3 ContainersPaused:0 ContainersStopped:50 Images:83 Driver:overlay2 DriverStatus:[[Backing Filesystem <unknown>] [Supports d_type true] [Native Overlay Diff true]] SystemStatus:[] Plugins:{Volume:[local] Network:[bridge host ipvlan macvlan null overlay] Authorization:[] Log:[awslogs fluentd gcplogs gelf journald json-file local logentries splunk syslog]} MemoryLimit:true SwapLimit:true KernelMemory:true KernelMemoryTCP:true CPUCfsPeriod:true CPUCfsQuota:true CPUShares:true CPUSet:true PidsLimit:true IPv4Forwarding:true BridgeNfIptables:true BridgeNfIP6tables:true Debug:false NFd:37 OomKillDisable:true NGoroutines:154 SystemTime:2021-01-13T11:21:29.068719643+08:00 LoggingDriver:json-file CgroupDriver:cgroupfs NEventsListener:0 KernelVersion:3.10.0-957.21.3.el7.x86_64 OperatingSystem:CentOS Linux 7 (Core) OSType:linux Architecture:x86_64 IndexServerAddress:https://index.docker.io/v1/ RegistryConfig:0xc000248cb0 NCPU:1 MemTotal:1927528448 GenericResources:[] DockerRootDir:/data/docker HTTPProxy: HTTPSProxy: NoProxy: Name:host160 Labels:[nodeName=host160000] ExperimentalBuild:false ServerVersion:19.03.8 ClusterStore: ClusterAdvertise: Runtimes:map[runc:{Path:runc Args:[]}] DefaultRuntime:runc Swarm:{NodeID:agh2759eqz1mkem2a6w9fsnuy NodeAddr:172.16.0.6 LocalNodeState:active ControlAvailable:true Error: RemoteManagers:[{NodeID:agh2759eqz1mkem2a6w9fsnuy Addr:172.16.0.6:2377}] Nodes:1 Managers:1 Cluster:0xc0000fe000 Warnings:[]} LiveRestoreEnabled:false Isolation: InitBinary:docker-init ContainerdCommit:{ID:7ad184331fa3e55e52b890ea95e65ba581ae3429 Expected:7ad184331fa3e55e52b890ea95e65ba581ae3429} RuncCommit:{ID:dc9208a3303feef5b3839f4323d9beb36df0a9dd Expected:dc9208a3303feef5b3839f4323d9beb36df0a9dd} InitCommit:{ID:fec3683 Expected:fec3683} SecurityOptions:[name=seccomp,profile=default] ProductLicense: Warnings:[WARNING: API is accessible on http://0.0.0.0:2375 without encryption.
Jan 13 11:21:29 host160 kubelet: Access to the remote API is equivalent to root access on the host. Refer
Jan 13 11:21:29 host160 kubelet: to the 'Docker daemon attack surface' section in the documentation for
Jan 13 11:21:29 host160 kubelet: more information: https://docs.docker.com/engine/security/security/#docker-daemon-attack-surface]}
Jan 13 11:21:29 host160 kubelet: I0113 11:21:29.162643    2560 docker_service.go:271] Setting cgroupDriver to cgroupfs
Jan 13 11:21:29 host160 server: Jan 13, 2021 11:21:29 AM org.apache.catalina.loader.WebappClassLoaderBase validateJarFile
Jan 13 11:21:29 host160 server: INFO: validateJarFile(/usr/share/cloudstack-management/webapps/client/WEB-INF/lib/tomcat-embed-core-8.0.15.jar) - jar not loaded. See Servlet Spec 3.0, section 10.7.2. Offending class: javax/servlet/Servlet.class
Jan 13 11:21:29 host160 kubelet: I0113 11:21:29.300040    2560 remote_runtime.go:59] parsed scheme: ""
Jan 13 11:21:29 host160 kubelet: I0113 11:21:29.300068    2560 remote_runtime.go:59] scheme "" not registered, fallback to default scheme
Jan 13 11:21:29 host160 kubelet: I0113 11:21:29.300117    2560 remote_image.go:50] parsed scheme: ""
